[2026-05-27 21:16:30] [INFO] ========== 开始增量同步 ==========
[2026-05-27 21:16:30] [INFO] GitCode: git@gitcode.com:developer-skill/huaweicloud-skills.git (github)
[2026-05-27 21:16:30] [INFO] GitHub:  git@github-hwd:huaweicloud/huaweicloud-skills.git (master)
[2026-05-27 21:16:30] [INFO] 作者:    huaweiclouddev <huaweiclouddev@huawei.com>
[2026-05-27 21:16:30] [INFO] 初始化工作仓库
[2026-05-27 21:16:35] [INFO] 拉取 GitCode 源分支: github
Warning: Permanently added 'gitcode.com' (RSA) to the list of known hosts.
来自 gitcode.com:developer-skill/huaweicloud-skills
 * branch            github     -> FETCH_HEAD
 * [新分支]          github     -> gitcode/github
[2026-05-27 21:16:35] [INFO] 拉取 GitHub 目标分支: master
Warning: Permanently added 'github.com' (ED25519) to the list of known hosts.
fatal: 无法找到远程引用 master
[2026-05-27 21:16:40] [INFO] 源分支 HEAD: f74ba23b576d39b293a776bf14ce723c9e39d14b
[2026-05-27 21:16:40] [INFO] GitHub 上无目标分支，创建孤儿分支 master
切换到一个新分支 'master'
[2026-05-27 21:16:40] [INFO] 首次同步，从根 commit 开始: abe6d5962866992f9f92dc65f554fd07a7e7c740
[2026-05-27 21:16:40] [INFO] 待同步 commit 数: 2
[2026-05-27 21:16:40] [INFO] [1/2] cherry-pick: abe6d596 update skill: devtools/huawei-cloud-cli-guidance
[master（根提交） 142c27a] update skill: devtools/huawei-cloud-cli-guidance
 Date: Wed May 27 20:42:48 2026 +0800
 13 files changed, 3032 insertions(+)
 create mode 100644 LICENSE
 create mode 100644 README-CN.md
 create mode 100644 README.md
 create mode 100644 skills/.gitkeep
 create mode 100644 skills/devtools/huawei-cloud-cli-guidance/SKILL.md
 create mode 100644 skills/devtools/huawei-cloud-cli-guidance/references/acceptance-criteria.md
 create mode 100644 skills/devtools/huawei-cloud-cli-guidance/references/cli-troubleshooting.md
 create mode 100644 skills/devtools/huawei-cloud-cli-guidance/references/common-workflows.md
 create mode 100644 skills/devtools/huawei-cloud-cli-guidance/references/core-commands.md
 create mode 100644 skills/devtools/huawei-cloud-cli-guidance/references/iam-policies.md
 create mode 100644 skills/devtools/huawei-cloud-cli-guidance/references/installation-guide.md
 create mode 100644 skills/devtools/huawei-cloud-cli-guidance/references/parameter-format.md
 create mode 100644 skills/devtools/huawei-cloud-cli-guidance/references/service-catalog.md
[2026-05-27 21:16:40] [INFO] [2/2] cherry-pick: f74ba23b update skill: storage/obs/huawei-cloud-obs-upload
[master f0bcf9c] update skill: storage/obs/huawei-cloud-obs-upload
 Date: Wed May 27 20:49:30 2026 +0800
 11 files changed, 2548 insertions(+)
 create mode 100644 skills/storage/obs/huawei-cloud-obs-upload/SKILL.md
 create mode 100644 skills/storage/obs/huawei-cloud-obs-upload/references/acceptance-criteria.md
 create mode 100644 skills/storage/obs/huawei-cloud-obs-upload/references/cli-installation-guide.md
 create mode 100644 skills/storage/obs/huawei-cloud-obs-upload/references/iam-policies.md
 create mode 100644 skills/storage/obs/huawei-cloud-obs-upload/references/obs-metrics.md
 create mode 100644 skills/storage/obs/huawei-cloud-obs-upload/references/related-apis.md
 create mode 100644 skills/storage/obs/huawei-cloud-obs-upload/references/task-list-buckets-with-stats.md
 create mode 100644 skills/storage/obs/huawei-cloud-obs-upload/references/task-scheduled-upload.md
 create mode 100644 skills/storage/obs/huawei-cloud-obs-upload/references/task-upload-file.md
 create mode 100644 skills/storage/obs/huawei-cloud-obs-upload/references/troubleshooting.md
 create mode 100644 skills/storage/obs/huawei-cloud-obs-upload/references/verification-method.md
[2026-05-27 21:16:40] [INFO] 推送到 GitHub: master
Warning: Permanently added 'github.com' (ED25519) to the list of known hosts.
To github-hwd:huaweicloud/huaweicloud-skills.git
 * [new branch]      master -> master
[2026-05-27 21:16:45] [INFO] ========== 同步完成 ==========
[2026-05-27 21:16:45] [INFO] 本次同步 2 个 commit
[2026-05-27 21:16:45] [INFO] 累计同步 1 次，共 2 个 commit
[2026-05-27 21:16:45] [INFO] 源分支 HEAD: f74ba23b576d39b293a776bf14ce723c9e39d14b
[2026-05-27 21:16:45] [INFO] 持久化状态到仓库: git@github.com:zrr000212-netizen/sync-repository.git
[main 0707934] sync-state: bf5cc81e0a25 — synced at 2026-05-27 21:16:45
 4 files changed, 88 insertions(+)
 create mode 100644 states/bf5cc81e0a25/mapping.log
 create mode 100644 states/bf5cc81e0a25/state.json
 create mode 100644 states/bf5cc81e0a25/sync.log
Warning: Permanently added 'github.com' (ED25519) to the list of known hosts.
To github.com:zrr000212-netizen/sync-repository.git
   50ff07b..0707934  HEAD -> main
[2026-05-27 21:16:50] [INFO] 状态已推送到仓库
[2026-05-27 21:16:50] [INFO] 脚本结束
[2026-05-27 21:39:37] [INFO] ========== 开始增量同步 ==========
[2026-05-27 21:39:37] [INFO] GitCode: git@gitcode.com:developer-skill/huaweicloud-skills.git (github)
[2026-05-27 21:39:37] [INFO] GitHub:  git@github-hwd:huaweicloud/huaweicloud-skills.git (master)
[2026-05-27 21:39:37] [INFO] 作者:    huaweiclouddev <huaweiclouddev@huawei.com>
[2026-05-27 21:39:37] [INFO] 复用已有工作仓库: /tmp/gitcode-sync-work/bf5cc81e0a25/repo
[2026-05-27 21:39:37] [INFO] 拉取 GitCode 源分支: github
Warning: Permanently added 'gitcode.com' (RSA) to the list of known hosts.
From gitcode.com:developer-skill/huaweicloud-skills
 * branch            github     -> FETCH_HEAD
[2026-05-27 21:39:38] [INFO] 拉取 GitHub 目标分支: master
Warning: Permanently added 'github.com' (ED25519) to the list of known hosts.
From github-hwd:huaweicloud/huaweicloud-skills
 * branch            master     -> FETCH_HEAD
[2026-05-27 21:39:42] [INFO] 源分支 HEAD: f74ba23b576d39b293a776bf14ce723c9e39d14b
[2026-05-27 21:39:42] [INFO] 切换到目标分支: master
Reset branch 'master'
Branch 'master' set up to track remote branch 'master' from 'github'.
[2026-05-27 21:39:42] [INFO] 上次同步到: f74ba23b576d39b293a776bf14ce723c9e39d14b
[2026-05-27 21:39:42] [INFO] 没有新 commit，已是最新
[2026-05-27 21:39:42] [INFO] 持久化状态到仓库: git@github.com:zrr000212-netizen/sync-repository.git
Author identity unknown

*** Please tell me who you are.

Run

  git config --global user.email "you@example.com"
  git config --global user.name "Your Name"

to set your account's default identity.
Omit --global to set the identity only in this repository.

fatal: unable to auto-detect email address (got 'root@ecs-hd-dev-001.(none)')
Warning: Permanently added 'github.com' (ED25519) to the list of known hosts.
Everything up-to-date
[2026-05-27 21:39:46] [INFO] 状态已推送到仓库
[2026-05-27 21:39:46] [INFO] 脚本结束
[2026-05-27 21:41:35] [INFO] ========== 开始增量同步 ==========
[2026-05-27 21:41:35] [INFO] GitCode: git@gitcode.com:developer-skill/huaweicloud-skills.git (github)
[2026-05-27 21:41:35] [INFO] GitHub:  git@github-hwd:huaweicloud/huaweicloud-skills.git (master)
[2026-05-27 21:41:35] [INFO] 作者:    huaweiclouddev <huaweiclouddev@huawei.com>
[2026-05-27 21:41:35] [INFO] 复用已有工作仓库: /tmp/gitcode-sync-work/bf5cc81e0a25/repo
[2026-05-27 21:41:35] [INFO] 拉取 GitCode 源分支: github
Warning: Permanently added 'gitcode.com' (RSA) to the list of known hosts.
From gitcode.com:developer-skill/huaweicloud-skills
 * branch            github     -> FETCH_HEAD
[2026-05-27 21:41:35] [INFO] 拉取 GitHub 目标分支: master
Warning: Permanently added 'github.com' (ED25519) to the list of known hosts.
From github-hwd:huaweicloud/huaweicloud-skills
 * branch            master     -> FETCH_HEAD
[2026-05-27 21:41:40] [INFO] 源分支 HEAD: f74ba23b576d39b293a776bf14ce723c9e39d14b
[2026-05-27 21:41:40] [INFO] 切换到目标分支: master
Reset branch 'master'
Branch 'master' set up to track remote branch 'master' from 'github'.
Your branch is up to date with 'github/master'.
[2026-05-27 21:41:40] [INFO] 上次同步到: f74ba23b576d39b293a776bf14ce723c9e39d14b
[2026-05-27 21:41:40] [INFO] 没有新 commit，已是最新
[2026-05-27 21:41:40] [INFO] 持久化状态到仓库: git@github.com:zrr000212-netizen/sync-repository.git
Author identity unknown

*** Please tell me who you are.

Run

  git config --global user.email "you@example.com"
  git config --global user.name "Your Name"

to set your account's default identity.
Omit --global to set the identity only in this repository.

fatal: unable to auto-detect email address (got 'root@ecs-hd-dev-001.(none)')
Warning: Permanently added 'github.com' (ED25519) to the list of known hosts.
Everything up-to-date
[2026-05-27 21:41:43] [INFO] 状态已推送到仓库
[2026-05-27 21:41:43] [INFO] 脚本结束
[2026-05-27 21:52:14] [INFO] ========== 开始增量同步 ==========
[2026-05-27 21:52:14] [INFO] GitCode: git@gitcode.com:developer-skill/huaweicloud-skills.git (github)
[2026-05-27 21:52:14] [INFO] GitHub:  git@github-hwd:huaweicloud/huaweicloud-skills.git (master)
[2026-05-27 21:52:14] [INFO] 作者:    huaweiclouddev <huaweiclouddev@huawei.com>
[2026-05-27 21:52:14] [INFO] 复用已有工作仓库: /tmp/gitcode-sync-work/bf5cc81e0a25/repo
[2026-05-27 21:52:14] [INFO] 拉取 GitCode 源分支: github
Warning: Permanently added 'gitcode.com' (RSA) to the list of known hosts.
From gitcode.com:developer-skill/huaweicloud-skills
 * branch            github     -> FETCH_HEAD
[2026-05-27 21:52:15] [INFO] 拉取 GitHub 目标分支: master
Warning: Permanently added 'github.com' (ED25519) to the list of known hosts.
From github-hwd:huaweicloud/huaweicloud-skills
 * branch            master     -> FETCH_HEAD
[2026-05-27 21:52:19] [INFO] 源分支 HEAD: f74ba23b576d39b293a776bf14ce723c9e39d14b
[2026-05-27 21:52:19] [INFO] 切换到目标分支: master
Reset branch 'master'
Branch 'master' set up to track remote branch 'master' from 'github'.
Your branch is up to date with 'github/master'.
[2026-05-27 21:52:19] [INFO] 上次同步到: f74ba23b576d39b293a776bf14ce723c9e39d14b
[2026-05-27 21:52:19] [INFO] 没有新 commit，已是最新
[2026-05-27 21:52:19] [INFO] 持久化状态到仓库: git@github.com:zrr000212-netizen/sync-repository.git
Author identity unknown

*** Please tell me who you are.

Run

  git config --global user.email "you@example.com"
  git config --global user.name "Your Name"

to set your account's default identity.
Omit --global to set the identity only in this repository.

fatal: unable to auto-detect email address (got 'root@ecs-hd-dev-001.(none)')
Warning: Permanently added 'github.com' (ED25519) to the list of known hosts.
Everything up-to-date
[2026-05-27 21:52:23] [INFO] 状态已推送到仓库
[2026-05-27 21:52:23] [INFO] 脚本结束
[2026-05-27 21:57:43] [INFO] ========== 开始增量同步 ==========
[2026-05-27 21:57:43] [INFO] GitCode: git@gitcode.com:developer-skill/huaweicloud-skills.git (github)
[2026-05-27 21:57:43] [INFO] GitHub:  git@github-hwd:huaweicloud/huaweicloud-skills.git (master)
[2026-05-27 21:57:43] [INFO] 作者:    huaweiclouddev <huaweiclouddev@huawei.com>
[2026-05-27 21:57:43] [INFO] 复用已有工作仓库: /tmp/gitcode-sync-work/bf5cc81e0a25/repo
[2026-05-27 21:57:43] [INFO] 拉取 GitCode 源分支: github
Warning: Permanently added 'gitcode.com' (RSA) to the list of known hosts.
From gitcode.com:developer-skill/huaweicloud-skills
 * branch            github     -> FETCH_HEAD
[2026-05-27 21:57:43] [INFO] 拉取 GitHub 目标分支: master
Warning: Permanently added 'github.com' (ED25519) to the list of known hosts.
From github-hwd:huaweicloud/huaweicloud-skills
 * branch            master     -> FETCH_HEAD
[2026-05-27 21:57:48] [INFO] 源分支 HEAD: f74ba23b576d39b293a776bf14ce723c9e39d14b
[2026-05-27 21:57:48] [INFO] 切换到目标分支: master
Reset branch 'master'
Branch 'master' set up to track remote branch 'master' from 'github'.
Your branch is up to date with 'github/master'.
[2026-05-27 21:57:48] [INFO] 上次同步到: f74ba23b576d39b293a776bf14ce723c9e39d14b
[2026-05-27 21:57:48] [INFO] 没有新 commit，已是最新
[2026-05-27 21:57:48] [INFO] 持久化状态到仓库: git@github.com:zrr000212-netizen/sync-repository.git
[main dfb9f1f] sync-state: bf5cc81e0a25 — up_to_date at 2026-05-27 21:57:48
 12 files changed, 326 insertions(+), 14 deletions(-)
 create mode 100644 .sync-all.sh.swo
 create mode 100644 .sync-repos.conf.swm
 create mode 100644 .sync-repos.conf.swn
 create mode 100644 .sync-repos.conf.swo
 create mode 100644 .sync-repos.conf.swp
 rewrite sync-repos.conf (60%)
Warning: Permanently added 'github.com' (ED25519) to the list of known hosts.
To github.com:zrr000212-netizen/sync-repository.git
   0707934..dfb9f1f  HEAD -> main
[2026-05-27 21:57:52] [INFO] 状态已推送到仓库
[2026-05-27 21:57:52] [INFO] 脚本结束
[2026-05-27 22:05:05] [INFO] ========== 开始增量同步 ==========
[2026-05-27 22:05:05] [INFO] GitCode: git@gitcode.com:developer-skill/huaweicloud-skills.git (github)
[2026-05-27 22:05:05] [INFO] GitHub:  git@github-hwd:huaweicloud/huaweicloud-skills.git (master)
[2026-05-27 22:05:05] [INFO] 作者:    huaweiclouddev <huaweiclouddev@huawei.com>
[2026-05-27 22:05:05] [INFO] 复用已有工作仓库: /tmp/gitcode-sync-work/bf5cc81e0a25/repo
[2026-05-27 22:05:05] [INFO] 拉取 GitCode 源分支: github
Warning: Permanently added 'gitcode.com' (RSA) to the list of known hosts.
From gitcode.com:developer-skill/huaweicloud-skills
 * branch            github     -> FETCH_HEAD
[2026-05-27 22:05:06] [INFO] 拉取 GitHub 目标分支: master
Warning: Permanently added 'github.com' (ED25519) to the list of known hosts.
From github-hwd:huaweicloud/huaweicloud-skills
 * branch            master     -> FETCH_HEAD
[2026-05-27 22:05:10] [INFO] 源分支 HEAD: f74ba23b576d39b293a776bf14ce723c9e39d14b
[2026-05-27 22:05:10] [INFO] 切换到目标分支: master
Reset branch 'master'
Branch 'master' set up to track remote branch 'master' from 'github'.
Your branch is up to date with 'github/master'.
[2026-05-27 22:05:10] [INFO] 上次同步到: f74ba23b576d39b293a776bf14ce723c9e39d14b
[2026-05-27 22:05:10] [INFO] 没有新 commit，已是最新
[2026-05-27 22:05:10] [INFO] 持久化状态到仓库: git@github.com:zrr000212-netizen/sync-repository.git
[main 0b6ca7c] sync-state: bf5cc81e0a25 — up_to_date at 2026-05-27 22:05:10
 1 file changed, 34 insertions(+)
Warning: Permanently added 'github.com' (ED25519) to the list of known hosts.
To github.com:zrr000212-netizen/sync-repository.git
   da575ec..0b6ca7c  HEAD -> main
[2026-05-27 22:05:15] [INFO] 状态已推送到仓库
[2026-05-27 22:05:15] [INFO] 脚本结束
[2026-05-27 22:10:36] [INFO] ========== 开始增量同步 ==========
[2026-05-27 22:10:36] [INFO] GitCode: git@gitcode.com:developer-skill/huaweicloud-skills.git (github)
[2026-05-27 22:10:36] [INFO] GitHub:  git@github-hwd:huaweicloud/huaweicloud-skills.git (master)
[2026-05-27 22:10:36] [INFO] 作者:    huaweiclouddev <huaweiclouddev@huawei.com>
[2026-05-27 22:10:36] [INFO] 复用已有工作仓库: /tmp/gitcode-sync-work/bf5cc81e0a25/repo
[2026-05-27 22:10:36] [INFO] 拉取 GitCode 源分支: github
Warning: Permanently added 'gitcode.com' (RSA) to the list of known hosts.
From gitcode.com:developer-skill/huaweicloud-skills
 * branch            github     -> FETCH_HEAD
[2026-05-27 22:10:37] [INFO] 拉取 GitHub 目标分支: master
Warning: Permanently added 'github.com' (ED25519) to the list of known hosts.
From github-hwd:huaweicloud/huaweicloud-skills
 * branch            master     -> FETCH_HEAD
[2026-05-27 22:10:41] [INFO] 源分支 HEAD: f74ba23b576d39b293a776bf14ce723c9e39d14b
[2026-05-27 22:10:41] [INFO] 切换到目标分支: master
Reset branch 'master'
Branch 'master' set up to track remote branch 'master' from 'github'.
Your branch is up to date with 'github/master'.
[2026-05-27 22:10:41] [INFO] 上次同步到: f74ba23b576d39b293a776bf14ce723c9e39d14b
[2026-05-27 22:10:41] [INFO] 没有新 commit，已是最新
[2026-05-27 22:10:41] [INFO] 持久化状态到仓库: git@github.com:zrr000212-netizen/sync-repository.git
[main 1b6bc26] sync-state: bf5cc81e0a25 — up_to_date at 2026-05-27 22:10:41
 1 file changed, 28 insertions(+)
Warning: Permanently added 'github.com' (ED25519) to the list of known hosts.
To github.com:zrr000212-netizen/sync-repository.git
   0b6ca7c..1b6bc26  HEAD -> main
[2026-05-27 22:10:45] [INFO] 状态已推送到仓库
[2026-05-27 22:10:45] [INFO] 脚本结束
[2026-05-27 23:05:05] [INFO] ========== 开始增量同步 ==========
[2026-05-27 23:05:05] [INFO] GitCode: git@gitcode.com:developer-skill/huaweicloud-skills.git (github)
[2026-05-27 23:05:05] [INFO] GitHub:  git@github-hwd:huaweicloud/huaweicloud-skills.git (master)
[2026-05-27 23:05:05] [INFO] 作者:    huaweiclouddev <huaweiclouddev@huawei.com>
[2026-05-27 23:05:05] [INFO] 复用已有工作仓库: /tmp/gitcode-sync-work/bf5cc81e0a25/repo
[2026-05-27 23:05:05] [INFO] 拉取 GitCode 源分支: github
Warning: Permanently added 'gitcode.com' (RSA) to the list of known hosts.
From gitcode.com:developer-skill/huaweicloud-skills
 * branch            github     -> FETCH_HEAD
[2026-05-27 23:05:06] [INFO] 拉取 GitHub 目标分支: master
Warning: Permanently added 'github.com' (ED25519) to the list of known hosts.
From github-hwd:huaweicloud/huaweicloud-skills
 * branch            master     -> FETCH_HEAD
[2026-05-27 23:05:11] [INFO] 源分支 HEAD: f74ba23b576d39b293a776bf14ce723c9e39d14b
[2026-05-27 23:05:11] [INFO] 切换到目标分支: master
Reset branch 'master'
Branch 'master' set up to track remote branch 'master' from 'github'.
Your branch is up to date with 'github/master'.
[2026-05-27 23:05:11] [INFO] 上次同步到: f74ba23b576d39b293a776bf14ce723c9e39d14b
[2026-05-27 23:05:11] [INFO] 没有新 commit，已是最新
[2026-05-27 23:05:11] [INFO] 持久化状态到仓库: git@github.com:zrr000212-netizen/sync-repository.git
[main 4a4a34f] sync-state: bf5cc81e0a25 — up_to_date at 2026-05-27 23:05:11
 1 file changed, 28 insertions(+)
Warning: Permanently added 'github.com' (ED25519) to the list of known hosts.
To github.com:zrr000212-netizen/sync-repository.git
   1b6bc26..4a4a34f  HEAD -> main
[2026-05-27 23:05:15] [INFO] 状态已推送到仓库
[2026-05-27 23:05:15] [INFO] 脚本结束
[2026-05-28 00:05:05] [INFO] ========== 开始增量同步 ==========
[2026-05-28 00:05:05] [INFO] GitCode: git@gitcode.com:developer-skill/huaweicloud-skills.git (github)
[2026-05-28 00:05:05] [INFO] GitHub:  git@github-hwd:huaweicloud/huaweicloud-skills.git (master)
[2026-05-28 00:05:05] [INFO] 作者:    huaweiclouddev <huaweiclouddev@huawei.com>
[2026-05-28 00:05:05] [INFO] 复用已有工作仓库: /tmp/gitcode-sync-work/bf5cc81e0a25/repo
[2026-05-28 00:05:05] [INFO] 拉取 GitCode 源分支: github
Warning: Permanently added 'gitcode.com' (RSA) to the list of known hosts.
From gitcode.com:developer-skill/huaweicloud-skills
 * branch            github     -> FETCH_HEAD
[2026-05-28 00:05:06] [INFO] 拉取 GitHub 目标分支: master
Warning: Permanently added 'github.com' (ED25519) to the list of known hosts.
From github-hwd:huaweicloud/huaweicloud-skills
 * branch            master     -> FETCH_HEAD
[2026-05-28 00:05:10] [INFO] 源分支 HEAD: f74ba23b576d39b293a776bf14ce723c9e39d14b
[2026-05-28 00:05:10] [INFO] 切换到目标分支: master
Reset branch 'master'
Branch 'master' set up to track remote branch 'master' from 'github'.
Your branch is up to date with 'github/master'.
[2026-05-28 00:05:10] [INFO] 上次同步到: f74ba23b576d39b293a776bf14ce723c9e39d14b
[2026-05-28 00:05:10] [INFO] 没有新 commit，已是最新
[2026-05-28 00:05:10] [INFO] 持久化状态到仓库: git@github.com:zrr000212-netizen/sync-repository.git
[main 485efc9] sync-state: bf5cc81e0a25 — up_to_date at 2026-05-28 00:05:10
 1 file changed, 28 insertions(+)
Warning: Permanently added 'github.com' (ED25519) to the list of known hosts.
To github.com:zrr000212-netizen/sync-repository.git
   4a4a34f..485efc9  HEAD -> main
[2026-05-28 00:05:15] [INFO] 状态已推送到仓库
[2026-05-28 00:05:15] [INFO] 脚本结束
[2026-05-28 01:05:04] [INFO] ========== 开始增量同步 ==========
[2026-05-28 01:05:04] [INFO] GitCode: git@gitcode.com:developer-skill/huaweicloud-skills.git (github)
[2026-05-28 01:05:04] [INFO] GitHub:  git@github-hwd:huaweicloud/huaweicloud-skills.git (master)
[2026-05-28 01:05:04] [INFO] 作者:    huaweiclouddev <huaweiclouddev@huawei.com>
[2026-05-28 01:05:04] [INFO] 复用已有工作仓库: /tmp/gitcode-sync-work/bf5cc81e0a25/repo
[2026-05-28 01:05:04] [INFO] 拉取 GitCode 源分支: github
Warning: Permanently added 'gitcode.com' (RSA) to the list of known hosts.
From gitcode.com:developer-skill/huaweicloud-skills
 * branch            github     -> FETCH_HEAD
[2026-05-28 01:05:05] [INFO] 拉取 GitHub 目标分支: master
Warning: Permanently added 'github.com' (ED25519) to the list of known hosts.
From github-hwd:huaweicloud/huaweicloud-skills
 * branch            master     -> FETCH_HEAD
[2026-05-28 01:05:09] [INFO] 源分支 HEAD: f74ba23b576d39b293a776bf14ce723c9e39d14b
[2026-05-28 01:05:09] [INFO] 切换到目标分支: master
Reset branch 'master'
Branch 'master' set up to track remote branch 'master' from 'github'.
Your branch is up to date with 'github/master'.
[2026-05-28 01:05:09] [INFO] 上次同步到: f74ba23b576d39b293a776bf14ce723c9e39d14b
[2026-05-28 01:05:09] [INFO] 没有新 commit，已是最新
[2026-05-28 01:05:09] [INFO] 持久化状态到仓库: git@github.com:zrr000212-netizen/sync-repository.git
[main 0d3b8e9] sync-state: bf5cc81e0a25 — up_to_date at 2026-05-28 01:05:09
 1 file changed, 28 insertions(+)
Warning: Permanently added 'github.com' (ED25519) to the list of known hosts.
To github.com:zrr000212-netizen/sync-repository.git
   485efc9..0d3b8e9  HEAD -> main
[2026-05-28 01:05:14] [INFO] 状态已推送到仓库
[2026-05-28 01:05:14] [INFO] 脚本结束
[2026-05-28 02:05:05] [INFO] ========== 开始增量同步 ==========
[2026-05-28 02:05:05] [INFO] GitCode: git@gitcode.com:developer-skill/huaweicloud-skills.git (github)
[2026-05-28 02:05:05] [INFO] GitHub:  git@github-hwd:huaweicloud/huaweicloud-skills.git (master)
[2026-05-28 02:05:05] [INFO] 作者:    huaweiclouddev <huaweiclouddev@huawei.com>
[2026-05-28 02:05:05] [INFO] 复用已有工作仓库: /tmp/gitcode-sync-work/bf5cc81e0a25/repo
[2026-05-28 02:05:05] [INFO] 拉取 GitCode 源分支: github
Warning: Permanently added 'gitcode.com' (RSA) to the list of known hosts.
From gitcode.com:developer-skill/huaweicloud-skills
 * branch            github     -> FETCH_HEAD
[2026-05-28 02:05:06] [INFO] 拉取 GitHub 目标分支: master
Warning: Permanently added 'github.com' (ED25519) to the list of known hosts.
From github-hwd:huaweicloud/huaweicloud-skills
 * branch            master     -> FETCH_HEAD
[2026-05-28 02:05:10] [INFO] 源分支 HEAD: f74ba23b576d39b293a776bf14ce723c9e39d14b
[2026-05-28 02:05:10] [INFO] 切换到目标分支: master
Reset branch 'master'
Branch 'master' set up to track remote branch 'master' from 'github'.
Your branch is up to date with 'github/master'.
[2026-05-28 02:05:10] [INFO] 上次同步到: f74ba23b576d39b293a776bf14ce723c9e39d14b
[2026-05-28 02:05:10] [INFO] 没有新 commit，已是最新
[2026-05-28 02:05:10] [INFO] 持久化状态到仓库: git@github.com:zrr000212-netizen/sync-repository.git
[main 7c26a7b] sync-state: bf5cc81e0a25 — up_to_date at 2026-05-28 02:05:10
 1 file changed, 28 insertions(+)
Warning: Permanently added 'github.com' (ED25519) to the list of known hosts.
To github.com:zrr000212-netizen/sync-repository.git
   0d3b8e9..7c26a7b  HEAD -> main
[2026-05-28 02:05:14] [INFO] 状态已推送到仓库
[2026-05-28 02:05:14] [INFO] 脚本结束
[2026-05-28 03:05:05] [INFO] ========== 开始增量同步 ==========
[2026-05-28 03:05:05] [INFO] GitCode: git@gitcode.com:developer-skill/huaweicloud-skills.git (github)
[2026-05-28 03:05:05] [INFO] GitHub:  git@github-hwd:huaweicloud/huaweicloud-skills.git (master)
[2026-05-28 03:05:05] [INFO] 作者:    huaweiclouddev <huaweiclouddev@huawei.com>
[2026-05-28 03:05:05] [INFO] 复用已有工作仓库: /tmp/gitcode-sync-work/bf5cc81e0a25/repo
[2026-05-28 03:05:05] [INFO] 拉取 GitCode 源分支: github
Warning: Permanently added 'gitcode.com' (RSA) to the list of known hosts.
From gitcode.com:developer-skill/huaweicloud-skills
 * branch            github     -> FETCH_HEAD
[2026-05-28 03:05:06] [INFO] 拉取 GitHub 目标分支: master
Warning: Permanently added 'github.com' (ED25519) to the list of known hosts.
From github-hwd:huaweicloud/huaweicloud-skills
 * branch            master     -> FETCH_HEAD
[2026-05-28 03:05:10] [INFO] 源分支 HEAD: f74ba23b576d39b293a776bf14ce723c9e39d14b
[2026-05-28 03:05:10] [INFO] 切换到目标分支: master
Reset branch 'master'
Branch 'master' set up to track remote branch 'master' from 'github'.
Your branch is up to date with 'github/master'.
[2026-05-28 03:05:10] [INFO] 上次同步到: f74ba23b576d39b293a776bf14ce723c9e39d14b
[2026-05-28 03:05:10] [INFO] 没有新 commit，已是最新
[2026-05-28 03:05:10] [INFO] 持久化状态到仓库: git@github.com:zrr000212-netizen/sync-repository.git
[main a471172] sync-state: bf5cc81e0a25 — up_to_date at 2026-05-28 03:05:10
 1 file changed, 28 insertions(+)
Warning: Permanently added 'github.com' (ED25519) to the list of known hosts.
To github.com:zrr000212-netizen/sync-repository.git
   7c26a7b..a471172  HEAD -> main
[2026-05-28 03:05:15] [INFO] 状态已推送到仓库
[2026-05-28 03:05:15] [INFO] 脚本结束
[2026-05-28 04:05:05] [INFO] ========== 开始增量同步 ==========
[2026-05-28 04:05:05] [INFO] GitCode: git@gitcode.com:developer-skill/huaweicloud-skills.git (github)
[2026-05-28 04:05:05] [INFO] GitHub:  git@github-hwd:huaweicloud/huaweicloud-skills.git (master)
[2026-05-28 04:05:05] [INFO] 作者:    huaweiclouddev <huaweiclouddev@huawei.com>
[2026-05-28 04:05:05] [INFO] 复用已有工作仓库: /tmp/gitcode-sync-work/bf5cc81e0a25/repo
[2026-05-28 04:05:05] [INFO] 拉取 GitCode 源分支: github
Warning: Permanently added 'gitcode.com' (RSA) to the list of known hosts.
From gitcode.com:developer-skill/huaweicloud-skills
 * branch            github     -> FETCH_HEAD
[2026-05-28 04:05:06] [INFO] 拉取 GitHub 目标分支: master
Warning: Permanently added 'github.com' (ED25519) to the list of known hosts.
From github-hwd:huaweicloud/huaweicloud-skills
 * branch            master     -> FETCH_HEAD
[2026-05-28 04:05:10] [INFO] 源分支 HEAD: f74ba23b576d39b293a776bf14ce723c9e39d14b
[2026-05-28 04:05:10] [INFO] 切换到目标分支: master
Reset branch 'master'
Branch 'master' set up to track remote branch 'master' from 'github'.
Your branch is up to date with 'github/master'.
[2026-05-28 04:05:10] [INFO] 上次同步到: f74ba23b576d39b293a776bf14ce723c9e39d14b
[2026-05-28 04:05:10] [INFO] 没有新 commit，已是最新
[2026-05-28 04:05:10] [INFO] 持久化状态到仓库: git@github.com:zrr000212-netizen/sync-repository.git
[main 3a63790] sync-state: bf5cc81e0a25 — up_to_date at 2026-05-28 04:05:10
 1 file changed, 28 insertions(+)
Warning: Permanently added 'github.com' (ED25519) to the list of known hosts.
To github.com:zrr000212-netizen/sync-repository.git
   a471172..3a63790  HEAD -> main
[2026-05-28 04:05:14] [INFO] 状态已推送到仓库
[2026-05-28 04:05:14] [INFO] 脚本结束
[2026-05-28 05:05:05] [INFO] ========== 开始增量同步 ==========
[2026-05-28 05:05:05] [INFO] GitCode: git@gitcode.com:developer-skill/huaweicloud-skills.git (github)
[2026-05-28 05:05:05] [INFO] GitHub:  git@github-hwd:huaweicloud/huaweicloud-skills.git (master)
[2026-05-28 05:05:05] [INFO] 作者:    huaweiclouddev <huaweiclouddev@huawei.com>
[2026-05-28 05:05:05] [INFO] 复用已有工作仓库: /tmp/gitcode-sync-work/bf5cc81e0a25/repo
[2026-05-28 05:05:05] [INFO] 拉取 GitCode 源分支: github
Warning: Permanently added 'gitcode.com' (RSA) to the list of known hosts.
From gitcode.com:developer-skill/huaweicloud-skills
 * branch            github     -> FETCH_HEAD
[2026-05-28 05:05:06] [INFO] 拉取 GitHub 目标分支: master
Warning: Permanently added 'github.com' (ED25519) to the list of known hosts.
From github-hwd:huaweicloud/huaweicloud-skills
 * branch            master     -> FETCH_HEAD
[2026-05-28 05:05:10] [INFO] 源分支 HEAD: f74ba23b576d39b293a776bf14ce723c9e39d14b
[2026-05-28 05:05:10] [INFO] 切换到目标分支: master
Reset branch 'master'
Branch 'master' set up to track remote branch 'master' from 'github'.
Your branch is up to date with 'github/master'.
[2026-05-28 05:05:10] [INFO] 上次同步到: f74ba23b576d39b293a776bf14ce723c9e39d14b
[2026-05-28 05:05:10] [INFO] 没有新 commit，已是最新
[2026-05-28 05:05:10] [INFO] 持久化状态到仓库: git@github.com:zrr000212-netizen/sync-repository.git
[main e5c779c] sync-state: bf5cc81e0a25 — up_to_date at 2026-05-28 05:05:10
 1 file changed, 28 insertions(+)
Warning: Permanently added 'github.com' (ED25519) to the list of known hosts.
To github.com:zrr000212-netizen/sync-repository.git
   3a63790..e5c779c  HEAD -> main
[2026-05-28 05:05:14] [INFO] 状态已推送到仓库
[2026-05-28 05:05:14] [INFO] 脚本结束
[2026-05-28 06:05:05] [INFO] ========== 开始增量同步 ==========
[2026-05-28 06:05:05] [INFO] GitCode: git@gitcode.com:developer-skill/huaweicloud-skills.git (github)
[2026-05-28 06:05:05] [INFO] GitHub:  git@github-hwd:huaweicloud/huaweicloud-skills.git (master)
[2026-05-28 06:05:05] [INFO] 作者:    huaweiclouddev <huaweiclouddev@huawei.com>
[2026-05-28 06:05:05] [INFO] 复用已有工作仓库: /tmp/gitcode-sync-work/bf5cc81e0a25/repo
[2026-05-28 06:05:05] [INFO] 拉取 GitCode 源分支: github
Warning: Permanently added 'gitcode.com' (RSA) to the list of known hosts.
From gitcode.com:developer-skill/huaweicloud-skills
 * branch            github     -> FETCH_HEAD
[2026-05-28 06:05:06] [INFO] 拉取 GitHub 目标分支: master
Warning: Permanently added 'github.com' (ED25519) to the list of known hosts.
From github-hwd:huaweicloud/huaweicloud-skills
 * branch            master     -> FETCH_HEAD
[2026-05-28 06:05:10] [INFO] 源分支 HEAD: f74ba23b576d39b293a776bf14ce723c9e39d14b
[2026-05-28 06:05:10] [INFO] 切换到目标分支: master
Reset branch 'master'
Branch 'master' set up to track remote branch 'master' from 'github'.
Your branch is up to date with 'github/master'.
[2026-05-28 06:05:10] [INFO] 上次同步到: f74ba23b576d39b293a776bf14ce723c9e39d14b
[2026-05-28 06:05:10] [INFO] 没有新 commit，已是最新
[2026-05-28 06:05:10] [INFO] 持久化状态到仓库: git@github.com:zrr000212-netizen/sync-repository.git
[main 477c8af] sync-state: bf5cc81e0a25 — up_to_date at 2026-05-28 06:05:10
 1 file changed, 28 insertions(+)
Warning: Permanently added 'github.com' (ED25519) to the list of known hosts.
To github.com:zrr000212-netizen/sync-repository.git
   e5c779c..477c8af  HEAD -> main
[2026-05-28 06:05:14] [INFO] 状态已推送到仓库
[2026-05-28 06:05:14] [INFO] 脚本结束
[2026-05-28 07:05:05] [INFO] ========== 开始增量同步 ==========
[2026-05-28 07:05:05] [INFO] GitCode: git@gitcode.com:developer-skill/huaweicloud-skills.git (github)
[2026-05-28 07:05:05] [INFO] GitHub:  git@github-hwd:huaweicloud/huaweicloud-skills.git (master)
[2026-05-28 07:05:05] [INFO] 作者:    huaweiclouddev <huaweiclouddev@huawei.com>
[2026-05-28 07:05:05] [INFO] 复用已有工作仓库: /tmp/gitcode-sync-work/bf5cc81e0a25/repo
[2026-05-28 07:05:05] [INFO] 拉取 GitCode 源分支: github
Warning: Permanently added 'gitcode.com' (RSA) to the list of known hosts.
From gitcode.com:developer-skill/huaweicloud-skills
 * branch            github     -> FETCH_HEAD
[2026-05-28 07:05:06] [INFO] 拉取 GitHub 目标分支: master
Warning: Permanently added 'github.com' (ED25519) to the list of known hosts.
From github-hwd:huaweicloud/huaweicloud-skills
 * branch            master     -> FETCH_HEAD
[2026-05-28 07:05:10] [INFO] 源分支 HEAD: f74ba23b576d39b293a776bf14ce723c9e39d14b
[2026-05-28 07:05:10] [INFO] 切换到目标分支: master
Reset branch 'master'
Branch 'master' set up to track remote branch 'master' from 'github'.
Your branch is up to date with 'github/master'.
[2026-05-28 07:05:10] [INFO] 上次同步到: f74ba23b576d39b293a776bf14ce723c9e39d14b
[2026-05-28 07:05:10] [INFO] 没有新 commit，已是最新
[2026-05-28 07:05:10] [INFO] 持久化状态到仓库: git@github.com:zrr000212-netizen/sync-repository.git
[main e0a9e40] sync-state: bf5cc81e0a25 — up_to_date at 2026-05-28 07:05:10
 1 file changed, 28 insertions(+)
Warning: Permanently added 'github.com' (ED25519) to the list of known hosts.
To github.com:zrr000212-netizen/sync-repository.git
   477c8af..e0a9e40  HEAD -> main
[2026-05-28 07:05:14] [INFO] 状态已推送到仓库
[2026-05-28 07:05:14] [INFO] 脚本结束
[2026-05-28 08:05:04] [INFO] ========== 开始增量同步 ==========
[2026-05-28 08:05:04] [INFO] GitCode: git@gitcode.com:developer-skill/huaweicloud-skills.git (github)
[2026-05-28 08:05:04] [INFO] GitHub:  git@github-hwd:huaweicloud/huaweicloud-skills.git (master)
[2026-05-28 08:05:04] [INFO] 作者:    huaweiclouddev <huaweiclouddev@huawei.com>
[2026-05-28 08:05:04] [INFO] 复用已有工作仓库: /tmp/gitcode-sync-work/bf5cc81e0a25/repo
[2026-05-28 08:05:04] [INFO] 拉取 GitCode 源分支: github
Warning: Permanently added 'gitcode.com' (RSA) to the list of known hosts.
From gitcode.com:developer-skill/huaweicloud-skills
 * branch            github     -> FETCH_HEAD
[2026-05-28 08:05:05] [INFO] 拉取 GitHub 目标分支: master
Warning: Permanently added 'github.com' (ED25519) to the list of known hosts.
From github-hwd:huaweicloud/huaweicloud-skills
 * branch            master     -> FETCH_HEAD
[2026-05-28 08:05:09] [INFO] 源分支 HEAD: f74ba23b576d39b293a776bf14ce723c9e39d14b
[2026-05-28 08:05:09] [INFO] 切换到目标分支: master
Reset branch 'master'
Branch 'master' set up to track remote branch 'master' from 'github'.
Your branch is up to date with 'github/master'.
[2026-05-28 08:05:09] [INFO] 上次同步到: f74ba23b576d39b293a776bf14ce723c9e39d14b
[2026-05-28 08:05:09] [INFO] 没有新 commit，已是最新
[2026-05-28 08:05:09] [INFO] 持久化状态到仓库: git@github.com:zrr000212-netizen/sync-repository.git
[main c529993] sync-state: bf5cc81e0a25 — up_to_date at 2026-05-28 08:05:09
 1 file changed, 28 insertions(+)
Warning: Permanently added 'github.com' (ED25519) to the list of known hosts.
To github.com:zrr000212-netizen/sync-repository.git
   e0a9e40..c529993  HEAD -> main
[2026-05-28 08:05:13] [INFO] 状态已推送到仓库
[2026-05-28 08:05:13] [INFO] 脚本结束
[2026-05-28 09:05:05] [INFO] ========== 开始增量同步 ==========
[2026-05-28 09:05:05] [INFO] GitCode: git@gitcode.com:developer-skill/huaweicloud-skills.git (github)
[2026-05-28 09:05:05] [INFO] GitHub:  git@github-hwd:huaweicloud/huaweicloud-skills.git (master)
[2026-05-28 09:05:05] [INFO] 作者:    huaweiclouddev <huaweiclouddev@huawei.com>
[2026-05-28 09:05:05] [INFO] 复用已有工作仓库: /tmp/gitcode-sync-work/bf5cc81e0a25/repo
[2026-05-28 09:05:05] [INFO] 拉取 GitCode 源分支: github
Warning: Permanently added 'gitcode.com' (RSA) to the list of known hosts.
From gitcode.com:developer-skill/huaweicloud-skills
 * branch            github     -> FETCH_HEAD
[2026-05-28 09:05:06] [INFO] 拉取 GitHub 目标分支: master
Warning: Permanently added 'github.com' (ED25519) to the list of known hosts.
From github-hwd:huaweicloud/huaweicloud-skills
 * branch            master     -> FETCH_HEAD
[2026-05-28 09:05:10] [INFO] 源分支 HEAD: f74ba23b576d39b293a776bf14ce723c9e39d14b
[2026-05-28 09:05:10] [INFO] 切换到目标分支: master
Reset branch 'master'
Branch 'master' set up to track remote branch 'master' from 'github'.
Your branch is up to date with 'github/master'.
[2026-05-28 09:05:10] [INFO] 上次同步到: f74ba23b576d39b293a776bf14ce723c9e39d14b
[2026-05-28 09:05:10] [INFO] 没有新 commit，已是最新
[2026-05-28 09:05:10] [INFO] 持久化状态到仓库: git@github.com:zrr000212-netizen/sync-repository.git
[main 84bab89] sync-state: bf5cc81e0a25 — up_to_date at 2026-05-28 09:05:10
 1 file changed, 28 insertions(+)
Warning: Permanently added 'github.com' (ED25519) to the list of known hosts.
To github.com:zrr000212-netizen/sync-repository.git
   c529993..84bab89  HEAD -> main
[2026-05-28 09:05:15] [INFO] 状态已推送到仓库
[2026-05-28 09:05:15] [INFO] 脚本结束
[2026-05-28 10:05:07] [INFO] ========== 开始增量同步 ==========
[2026-05-28 10:05:07] [INFO] GitCode: git@gitcode.com:developer-skill/huaweicloud-skills.git (github)
[2026-05-28 10:05:07] [INFO] GitHub:  git@github-hwd:huaweicloud/huaweicloud-skills.git (master)
[2026-05-28 10:05:07] [INFO] 作者:    huaweiclouddev <huaweiclouddev@huawei.com>
[2026-05-28 10:05:07] [INFO] 复用已有工作仓库: /tmp/gitcode-sync-work/bf5cc81e0a25/repo
[2026-05-28 10:05:07] [INFO] 拉取 GitCode 源分支: github
Warning: Permanently added 'gitcode.com' (RSA) to the list of known hosts.
From gitcode.com:developer-skill/huaweicloud-skills
 * branch            github     -> FETCH_HEAD
[2026-05-28 10:05:08] [INFO] 拉取 GitHub 目标分支: master
Warning: Permanently added 'github.com' (ED25519) to the list of known hosts.
From github-hwd:huaweicloud/huaweicloud-skills
 * branch            master     -> FETCH_HEAD
[2026-05-28 10:05:12] [INFO] 源分支 HEAD: f74ba23b576d39b293a776bf14ce723c9e39d14b
[2026-05-28 10:05:12] [INFO] 切换到目标分支: master
Reset branch 'master'
Branch 'master' set up to track remote branch 'master' from 'github'.
Your branch is up to date with 'github/master'.
[2026-05-28 10:05:12] [INFO] 上次同步到: f74ba23b576d39b293a776bf14ce723c9e39d14b
[2026-05-28 10:05:12] [INFO] 没有新 commit，已是最新
[2026-05-28 10:05:12] [INFO] 持久化状态到仓库: git@github.com:zrr000212-netizen/sync-repository.git
[main 86654b0] sync-state: bf5cc81e0a25 — up_to_date at 2026-05-28 10:05:12
 1 file changed, 28 insertions(+)
Warning: Permanently added 'github.com' (ED25519) to the list of known hosts.
To github.com:zrr000212-netizen/sync-repository.git
   84bab89..86654b0  HEAD -> main
[2026-05-28 10:05:16] [INFO] 状态已推送到仓库
[2026-05-28 10:05:16] [INFO] 脚本结束
[2026-05-28 11:05:08] [INFO] ========== 开始增量同步 ==========
[2026-05-28 11:05:08] [INFO] GitCode: git@gitcode.com:developer-skill/huaweicloud-skills.git (github)
[2026-05-28 11:05:08] [INFO] GitHub:  git@github-hwd:huaweicloud/huaweicloud-skills.git (master)
[2026-05-28 11:05:08] [INFO] 作者:    huaweiclouddev <huaweiclouddev@huawei.com>
[2026-05-28 11:05:08] [INFO] 复用已有工作仓库: /tmp/gitcode-sync-work/bf5cc81e0a25/repo
[2026-05-28 11:05:08] [INFO] 拉取 GitCode 源分支: github
Warning: Permanently added 'gitcode.com' (RSA) to the list of known hosts.
From gitcode.com:developer-skill/huaweicloud-skills
 * branch            github     -> FETCH_HEAD
[2026-05-28 11:05:09] [INFO] 拉取 GitHub 目标分支: master
Warning: Permanently added 'github.com' (ED25519) to the list of known hosts.
From github-hwd:huaweicloud/huaweicloud-skills
 * branch            master     -> FETCH_HEAD
[2026-05-28 11:05:14] [INFO] 源分支 HEAD: f74ba23b576d39b293a776bf14ce723c9e39d14b
[2026-05-28 11:05:14] [INFO] 切换到目标分支: master
Reset branch 'master'
Branch 'master' set up to track remote branch 'master' from 'github'.
Your branch is up to date with 'github/master'.
[2026-05-28 11:05:14] [INFO] 上次同步到: f74ba23b576d39b293a776bf14ce723c9e39d14b
[2026-05-28 11:05:14] [INFO] 没有新 commit，已是最新
[2026-05-28 11:05:14] [INFO] 持久化状态到仓库: git@github.com:zrr000212-netizen/sync-repository.git
[main 2994504] sync-state: bf5cc81e0a25 — up_to_date at 2026-05-28 11:05:14
 1 file changed, 28 insertions(+)
Warning: Permanently added 'github.com' (ED25519) to the list of known hosts.
To github.com:zrr000212-netizen/sync-repository.git
   86654b0..2994504  HEAD -> main
[2026-05-28 11:05:18] [INFO] 状态已推送到仓库
[2026-05-28 11:05:18] [INFO] 脚本结束
[2026-05-28 12:05:05] [INFO] ========== 开始增量同步 ==========
[2026-05-28 12:05:05] [INFO] GitCode: git@gitcode.com:developer-skill/huaweicloud-skills.git (github)
[2026-05-28 12:05:05] [INFO] GitHub:  git@github-hwd:huaweicloud/huaweicloud-skills.git (master)
[2026-05-28 12:05:05] [INFO] 作者:    huaweiclouddev <huaweiclouddev@huawei.com>
[2026-05-28 12:05:05] [INFO] 复用已有工作仓库: /tmp/gitcode-sync-work/bf5cc81e0a25/repo
[2026-05-28 12:05:05] [INFO] 拉取 GitCode 源分支: github
Warning: Permanently added 'gitcode.com' (RSA) to the list of known hosts.
From gitcode.com:developer-skill/huaweicloud-skills
 * branch            github     -> FETCH_HEAD
[2026-05-28 12:05:06] [INFO] 拉取 GitHub 目标分支: master
Warning: Permanently added 'github.com' (ED25519) to the list of known hosts.
From github-hwd:huaweicloud/huaweicloud-skills
 * branch            master     -> FETCH_HEAD
[2026-05-28 12:05:10] [INFO] 源分支 HEAD: f74ba23b576d39b293a776bf14ce723c9e39d14b
[2026-05-28 12:05:10] [INFO] 切换到目标分支: master
Reset branch 'master'
Branch 'master' set up to track remote branch 'master' from 'github'.
Your branch is up to date with 'github/master'.
[2026-05-28 12:05:10] [INFO] 上次同步到: f74ba23b576d39b293a776bf14ce723c9e39d14b
[2026-05-28 12:05:10] [INFO] 没有新 commit，已是最新
[2026-05-28 12:05:10] [INFO] 持久化状态到仓库: git@github.com:zrr000212-netizen/sync-repository.git
[main 4464292] sync-state: bf5cc81e0a25 — up_to_date at 2026-05-28 12:05:10
 1 file changed, 28 insertions(+)
Warning: Permanently added 'github.com' (ED25519) to the list of known hosts.
To github.com:zrr000212-netizen/sync-repository.git
   2994504..4464292  HEAD -> main
[2026-05-28 12:05:14] [INFO] 状态已推送到仓库
[2026-05-28 12:05:14] [INFO] 脚本结束
[2026-05-28 13:05:07] [INFO] ========== 开始增量同步 ==========
[2026-05-28 13:05:07] [INFO] GitCode: git@gitcode.com:developer-skill/huaweicloud-skills.git (github)
[2026-05-28 13:05:07] [INFO] GitHub:  git@github-hwd:huaweicloud/huaweicloud-skills.git (master)
[2026-05-28 13:05:07] [INFO] 作者:    huaweiclouddev <huaweiclouddev@huawei.com>
[2026-05-28 13:05:07] [INFO] 复用已有工作仓库: /tmp/gitcode-sync-work/bf5cc81e0a25/repo
[2026-05-28 13:05:07] [INFO] 拉取 GitCode 源分支: github
Warning: Permanently added 'gitcode.com' (RSA) to the list of known hosts.
From gitcode.com:developer-skill/huaweicloud-skills
 * branch            github     -> FETCH_HEAD
[2026-05-28 13:05:08] [INFO] 拉取 GitHub 目标分支: master
Warning: Permanently added 'github.com' (ED25519) to the list of known hosts.
From github-hwd:huaweicloud/huaweicloud-skills
 * branch            master     -> FETCH_HEAD
[2026-05-28 13:05:12] [INFO] 源分支 HEAD: f74ba23b576d39b293a776bf14ce723c9e39d14b
[2026-05-28 13:05:12] [INFO] 切换到目标分支: master
Reset branch 'master'
Branch 'master' set up to track remote branch 'master' from 'github'.
Your branch is up to date with 'github/master'.
[2026-05-28 13:05:12] [INFO] 上次同步到: f74ba23b576d39b293a776bf14ce723c9e39d14b
[2026-05-28 13:05:12] [INFO] 没有新 commit，已是最新
[2026-05-28 13:05:12] [INFO] 持久化状态到仓库: git@github.com:zrr000212-netizen/sync-repository.git
[main 46c5ea2] sync-state: bf5cc81e0a25 — up_to_date at 2026-05-28 13:05:12
 1 file changed, 28 insertions(+)
Warning: Permanently added 'github.com' (ED25519) to the list of known hosts.
To github.com:zrr000212-netizen/sync-repository.git
   4464292..46c5ea2  HEAD -> main
[2026-05-28 13:05:16] [INFO] 状态已推送到仓库
[2026-05-28 13:05:16] [INFO] 脚本结束
[2026-05-28 14:05:08] [INFO] ========== 开始增量同步 ==========
[2026-05-28 14:05:08] [INFO] GitCode: git@gitcode.com:developer-skill/huaweicloud-skills.git (github)
[2026-05-28 14:05:08] [INFO] GitHub:  git@github-hwd:huaweicloud/huaweicloud-skills.git (master)
[2026-05-28 14:05:08] [INFO] 作者:    huaweiclouddev <huaweiclouddev@huawei.com>
[2026-05-28 14:05:08] [INFO] 复用已有工作仓库: /tmp/gitcode-sync-work/bf5cc81e0a25/repo
[2026-05-28 14:05:08] [INFO] 拉取 GitCode 源分支: github
Warning: Permanently added 'gitcode.com' (RSA) to the list of known hosts.
From gitcode.com:developer-skill/huaweicloud-skills
 * branch            github     -> FETCH_HEAD
[2026-05-28 14:05:09] [INFO] 拉取 GitHub 目标分支: master
Warning: Permanently added 'github.com' (ED25519) to the list of known hosts.
From github-hwd:huaweicloud/huaweicloud-skills
 * branch            master     -> FETCH_HEAD
[2026-05-28 14:05:13] [INFO] 源分支 HEAD: f74ba23b576d39b293a776bf14ce723c9e39d14b
[2026-05-28 14:05:13] [INFO] 切换到目标分支: master
Reset branch 'master'
Branch 'master' set up to track remote branch 'master' from 'github'.
Your branch is up to date with 'github/master'.
[2026-05-28 14:05:13] [INFO] 上次同步到: f74ba23b576d39b293a776bf14ce723c9e39d14b
[2026-05-28 14:05:13] [INFO] 没有新 commit，已是最新
[2026-05-28 14:05:13] [INFO] 持久化状态到仓库: git@github.com:zrr000212-netizen/sync-repository.git
[main 9f73aa1] sync-state: bf5cc81e0a25 — up_to_date at 2026-05-28 14:05:13
 1 file changed, 28 insertions(+)
Warning: Permanently added 'github.com' (ED25519) to the list of known hosts.
To github.com:zrr000212-netizen/sync-repository.git
   46c5ea2..9f73aa1  HEAD -> main
[2026-05-28 14:05:18] [INFO] 状态已推送到仓库
[2026-05-28 14:05:18] [INFO] 脚本结束
[2026-05-28 15:05:04] [INFO] ========== 开始增量同步 ==========
[2026-05-28 15:05:04] [INFO] GitCode: git@gitcode.com:developer-skill/huaweicloud-skills.git (github)
[2026-05-28 15:05:04] [INFO] GitHub:  git@github-hwd:huaweicloud/huaweicloud-skills.git (master)
[2026-05-28 15:05:04] [INFO] 作者:    huaweiclouddev <huaweiclouddev@huawei.com>
[2026-05-28 15:05:04] [INFO] 复用已有工作仓库: /tmp/gitcode-sync-work/bf5cc81e0a25/repo
[2026-05-28 15:05:04] [INFO] 拉取 GitCode 源分支: github
Warning: Permanently added 'gitcode.com' (RSA) to the list of known hosts.
From gitcode.com:developer-skill/huaweicloud-skills
 * branch            github     -> FETCH_HEAD
[2026-05-28 15:05:05] [INFO] 拉取 GitHub 目标分支: master
Warning: Permanently added 'github.com' (ED25519) to the list of known hosts.
From github-hwd:huaweicloud/huaweicloud-skills
 * branch            master     -> FETCH_HEAD
[2026-05-28 15:05:09] [INFO] 源分支 HEAD: f74ba23b576d39b293a776bf14ce723c9e39d14b
[2026-05-28 15:05:09] [INFO] 切换到目标分支: master
Reset branch 'master'
Branch 'master' set up to track remote branch 'master' from 'github'.
Your branch is up to date with 'github/master'.
[2026-05-28 15:05:09] [INFO] 上次同步到: f74ba23b576d39b293a776bf14ce723c9e39d14b
[2026-05-28 15:05:09] [INFO] 没有新 commit，已是最新
[2026-05-28 15:05:09] [INFO] 持久化状态到仓库: git@github.com:zrr000212-netizen/sync-repository.git
[main 3db73b0] sync-state: bf5cc81e0a25 — up_to_date at 2026-05-28 15:05:09
 1 file changed, 28 insertions(+)
Warning: Permanently added 'github.com' (ED25519) to the list of known hosts.
To github.com:zrr000212-netizen/sync-repository.git
   9f73aa1..3db73b0  HEAD -> main
[2026-05-28 15:05:13] [INFO] 状态已推送到仓库
[2026-05-28 15:05:13] [INFO] 脚本结束
[2026-05-28 16:05:05] [INFO] ========== 开始增量同步 ==========
[2026-05-28 16:05:05] [INFO] GitCode: git@gitcode.com:developer-skill/huaweicloud-skills.git (github)
[2026-05-28 16:05:05] [INFO] GitHub:  git@github-hwd:huaweicloud/huaweicloud-skills.git (master)
[2026-05-28 16:05:05] [INFO] 作者:    huaweiclouddev <huaweiclouddev@huawei.com>
[2026-05-28 16:05:05] [INFO] 复用已有工作仓库: /tmp/gitcode-sync-work/bf5cc81e0a25/repo
[2026-05-28 16:05:05] [INFO] 拉取 GitCode 源分支: github
Warning: Permanently added 'gitcode.com' (RSA) to the list of known hosts.
From gitcode.com:developer-skill/huaweicloud-skills
 * branch            github     -> FETCH_HEAD
   f74ba23..fe99fad  github     -> gitcode/github
[2026-05-28 16:05:06] [INFO] 拉取 GitHub 目标分支: master
Warning: Permanently added 'github.com' (ED25519) to the list of known hosts.
From github-hwd:huaweicloud/huaweicloud-skills
 * branch            master     -> FETCH_HEAD
[2026-05-28 16:05:10] [INFO] 源分支 HEAD: fe99fad2072fb5e338b87d54985888e5d0617bca
[2026-05-28 16:05:10] [INFO] 切换到目标分支: master
Reset branch 'master'
Branch 'master' set up to track remote branch 'master' from 'github'.
Your branch is up to date with 'github/master'.
[2026-05-28 16:05:10] [INFO] 上次同步到: f74ba23b576d39b293a776bf14ce723c9e39d14b
[2026-05-28 16:05:10] [INFO] 增量同步: f74ba23b576d39b293a776bf14ce723c9e39d14b 之后的新 commit
[2026-05-28 16:05:10] [INFO] 待同步 commit 数: 3
[2026-05-28 16:05:10] [INFO] [1/3] cherry-pick: eef2f19a update skill: storage/obs/huawei-cloud-obs-website-host
[master 24223e6] update skill: storage/obs/huawei-cloud-obs-website-host
 Date: Thu May 28 15:08:37 2026 +0800
 8 files changed, 1216 insertions(+)
 create mode 100644 skills/storage/obs/huawei-cloud-obs-website-host/SKILL.md
 create mode 100644 skills/storage/obs/huawei-cloud-obs-website-host/references/hcloud-dns-obs-website.md
 create mode 100644 skills/storage/obs/huawei-cloud-obs-website-host/references/hcloud-install-config.md
 create mode 100644 skills/storage/obs/huawei-cloud-obs-website-host/references/iam-policies.md
 create mode 100644 skills/storage/obs/huawei-cloud-obs-website-host/references/obs-python-sdk-website.md
 create mode 100644 skills/storage/obs/huawei-cloud-obs-website-host/references/obsutil-install-config.md
 create mode 100755 skills/storage/obs/huawei-cloud-obs-website-host/scripts/set_obs_website_sdk.py
 create mode 100755 skills/storage/obs/huawei-cloud-obs-website-host/scripts/verify_obs_website.py
[2026-05-28 16:05:10] [INFO] [2/3] cherry-pick: f819d113 update skill: network/eip/huawei-cloud-eip-cost-optimizer
[master dbc985b] update skill: network/eip/huawei-cloud-eip-cost-optimizer
 Date: Thu May 28 15:16:37 2026 +0800
 13 files changed, 2918 insertions(+)
 create mode 100644 skills/network/eip/huawei-cloud-eip-cost-optimizer/SKILL.md
 create mode 100644 skills/network/eip/huawei-cloud-eip-cost-optimizer/references/common-pitfalls.md
 create mode 100644 skills/network/eip/huawei-cloud-eip-cost-optimizer/references/eip-api-guide.md
 create mode 100644 skills/network/eip/huawei-cloud-eip-cost-optimizer/references/iam-policies.md
 create mode 100644 skills/network/eip/huawei-cloud-eip-cost-optimizer/references/monitor-idle-eips-guide.md
 create mode 100644 skills/network/eip/huawei-cloud-eip-cost-optimizer/references/python-sdk-usage-guide.md
 create mode 100644 skills/network/eip/huawei-cloud-eip-cost-optimizer/references/verification-method.md
 create mode 100644 skills/network/eip/huawei-cloud-eip-cost-optimizer/scripts/analyze_idle_eips.py
 create mode 100644 skills/network/eip/huawei-cloud-eip-cost-optimizer/scripts/eip_audit_log.sh
 create mode 100644 skills/network/eip/huawei-cloud-eip-cost-optimizer/scripts/eip_cost_report.py
 create mode 100644 skills/network/eip/huawei-cloud-eip-cost-optimizer/scripts/list_eips.py
 create mode 100644 skills/network/eip/huawei-cloud-eip-cost-optimizer/scripts/monitor_idle_eips.py
 create mode 100644 skills/network/eip/huawei-cloud-eip-cost-optimizer/templates/eip-config.yaml
[2026-05-28 16:05:10] [INFO] [3/3] cherry-pick: fe99fad2 update skill: devtools/huawei-cloud-billing-scout
[master 4bc5ea5] update skill: devtools/huawei-cloud-billing-scout
 Date: Thu May 28 15:17:42 2026 +0800
 6 files changed, 1439 insertions(+)
 create mode 100644 skills/devtools/huawei-cloud-billing-scout/SKILL.md
 create mode 100644 skills/devtools/huawei-cloud-billing-scout/references/cli-installation-guide.md
 create mode 100644 skills/devtools/huawei-cloud-billing-scout/references/iam-policies.md
 create mode 100644 skills/devtools/huawei-cloud-billing-scout/references/related-commands.md
 create mode 100644 skills/devtools/huawei-cloud-billing-scout/references/semantic/billing-ontology.yml
 create mode 100644 skills/devtools/huawei-cloud-billing-scout/references/semantic/catalog.yml
[2026-05-28 16:05:11] [INFO] 推送到 GitHub: master
Warning: Permanently added 'github.com' (ED25519) to the list of known hosts.
To github-hwd:huaweicloud/huaweicloud-skills.git
   f0bcf9c..4bc5ea5  master -> master
[2026-05-28 16:05:16] [INFO] ========== 同步完成 ==========
[2026-05-28 16:05:16] [INFO] 本次同步 3 个 commit
[2026-05-28 16:05:16] [INFO] 累计同步 2 次，共 5 个 commit
[2026-05-28 16:05:16] [INFO] 源分支 HEAD: fe99fad2072fb5e338b87d54985888e5d0617bca
[2026-05-28 16:05:16] [INFO] 持久化状态到仓库: git@github.com:zrr000212-netizen/sync-repository.git
[main ad36ff2] sync-state: bf5cc81e0a25 — synced at 2026-05-28 16:05:16
 3 files changed, 87 insertions(+), 7 deletions(-)
Warning: Permanently added 'github.com' (ED25519) to the list of known hosts.
To github.com:zrr000212-netizen/sync-repository.git
   3db73b0..ad36ff2  HEAD -> main
[2026-05-28 16:05:20] [INFO] 状态已推送到仓库
[2026-05-28 16:05:20] [INFO] 脚本结束
[2026-05-28 17:05:05] [INFO] ========== 开始增量同步 ==========
[2026-05-28 17:05:05] [INFO] GitCode: git@gitcode.com:developer-skill/huaweicloud-skills.git (github)
[2026-05-28 17:05:05] [INFO] GitHub:  git@github-hwd:huaweicloud/huaweicloud-skills.git (master)
[2026-05-28 17:05:05] [INFO] 作者:    huaweiclouddev <huaweiclouddev@huawei.com>
[2026-05-28 17:05:05] [INFO] 复用已有工作仓库: /tmp/gitcode-sync-work/bf5cc81e0a25/repo
[2026-05-28 17:05:05] [INFO] 拉取 GitCode 源分支: github
Warning: Permanently added 'gitcode.com' (RSA) to the list of known hosts.
From gitcode.com:developer-skill/huaweicloud-skills
 * branch            github     -> FETCH_HEAD
[2026-05-28 17:05:06] [INFO] 拉取 GitHub 目标分支: master
Warning: Permanently added 'github.com' (ED25519) to the list of known hosts.
From github-hwd:huaweicloud/huaweicloud-skills
 * branch            master     -> FETCH_HEAD
[2026-05-28 17:05:10] [INFO] 源分支 HEAD: fe99fad2072fb5e338b87d54985888e5d0617bca
[2026-05-28 17:05:10] [INFO] 切换到目标分支: master
Reset branch 'master'
Branch 'master' set up to track remote branch 'master' from 'github'.
Your branch is up to date with 'github/master'.
[2026-05-28 17:05:10] [INFO] 上次同步到: fe99fad2072fb5e338b87d54985888e5d0617bca
[2026-05-28 17:05:10] [INFO] 没有新 commit，已是最新
[2026-05-28 17:05:10] [INFO] 持久化状态到仓库: git@github.com:zrr000212-netizen/sync-repository.git
[main f18813a] sync-state: bf5cc81e0a25 — up_to_date at 2026-05-28 17:05:10
 2 files changed, 29 insertions(+), 1 deletion(-)
Warning: Permanently added 'github.com' (ED25519) to the list of known hosts.
To github.com:zrr000212-netizen/sync-repository.git
   ad36ff2..f18813a  HEAD -> main
[2026-05-28 17:05:14] [INFO] 状态已推送到仓库
[2026-05-28 17:05:14] [INFO] 脚本结束
[2026-05-28 18:05:06] [INFO] ========== 开始增量同步 ==========
[2026-05-28 18:05:06] [INFO] GitCode: git@gitcode.com:developer-skill/huaweicloud-skills.git (github)
[2026-05-28 18:05:06] [INFO] GitHub:  git@github-hwd:huaweicloud/huaweicloud-skills.git (master)
[2026-05-28 18:05:06] [INFO] 作者:    huaweiclouddev <huaweiclouddev@huawei.com>
[2026-05-28 18:05:06] [INFO] 复用已有工作仓库: /tmp/gitcode-sync-work/bf5cc81e0a25/repo
[2026-05-28 18:05:06] [INFO] 拉取 GitCode 源分支: github
Warning: Permanently added 'gitcode.com' (RSA) to the list of known hosts.
From gitcode.com:developer-skill/huaweicloud-skills
 * branch            github     -> FETCH_HEAD
[2026-05-28 18:05:07] [INFO] 拉取 GitHub 目标分支: master
Warning: Permanently added 'github.com' (ED25519) to the list of known hosts.
From github-hwd:huaweicloud/huaweicloud-skills
 * branch            master     -> FETCH_HEAD
[2026-05-28 18:05:11] [INFO] 源分支 HEAD: fe99fad2072fb5e338b87d54985888e5d0617bca
[2026-05-28 18:05:11] [INFO] 切换到目标分支: master
Reset branch 'master'
Branch 'master' set up to track remote branch 'master' from 'github'.
Your branch is up to date with 'github/master'.
[2026-05-28 18:05:11] [INFO] 上次同步到: fe99fad2072fb5e338b87d54985888e5d0617bca
[2026-05-28 18:05:11] [INFO] 没有新 commit，已是最新
[2026-05-28 18:05:11] [INFO] 持久化状态到仓库: git@github.com:zrr000212-netizen/sync-repository.git
[main b20667a] sync-state: bf5cc81e0a25 — up_to_date at 2026-05-28 18:05:11
 1 file changed, 28 insertions(+)
Warning: Permanently added 'github.com' (ED25519) to the list of known hosts.
To github.com:zrr000212-netizen/sync-repository.git
   f18813a..b20667a  HEAD -> main
[2026-05-28 18:05:16] [INFO] 状态已推送到仓库
[2026-05-28 18:05:16] [INFO] 脚本结束
[2026-05-28 19:05:05] [INFO] ========== 开始增量同步 ==========
[2026-05-28 19:05:05] [INFO] GitCode: git@gitcode.com:developer-skill/huaweicloud-skills.git (github)
[2026-05-28 19:05:05] [INFO] GitHub:  git@github-hwd:huaweicloud/huaweicloud-skills.git (master)
[2026-05-28 19:05:05] [INFO] 作者:    huaweiclouddev <huaweiclouddev@huawei.com>
[2026-05-28 19:05:05] [INFO] 复用已有工作仓库: /tmp/gitcode-sync-work/bf5cc81e0a25/repo
[2026-05-28 19:05:05] [INFO] 拉取 GitCode 源分支: github
Warning: Permanently added 'gitcode.com' (RSA) to the list of known hosts.
From gitcode.com:developer-skill/huaweicloud-skills
 * branch            github     -> FETCH_HEAD
   fe99fad..9df2802  github     -> gitcode/github
[2026-05-28 19:05:05] [INFO] 拉取 GitHub 目标分支: master
Warning: Permanently added 'github.com' (ED25519) to the list of known hosts.
From github-hwd:huaweicloud/huaweicloud-skills
 * branch            master     -> FETCH_HEAD
[2026-05-28 19:05:10] [INFO] 源分支 HEAD: 9df2802c99d62f38a6b27086c60095178107baf1
[2026-05-28 19:05:10] [INFO] 切换到目标分支: master
Reset branch 'master'
Branch 'master' set up to track remote branch 'master' from 'github'.
Your branch is up to date with 'github/master'.
[2026-05-28 19:05:10] [INFO] 上次同步到: fe99fad2072fb5e338b87d54985888e5d0617bca
[2026-05-28 19:05:10] [INFO] 增量同步: fe99fad2072fb5e338b87d54985888e5d0617bca 之后的新 commit
[2026-05-28 19:05:10] [INFO] 待同步 commit 数: 1
[2026-05-28 19:05:10] [INFO] [1/1] cherry-pick: 9df2802c update skill: storage/obs/huawei-cloud-obs-bucket-create
Removing skills/.gitkeep
[master e58bf16] update skill: storage/obs/huawei-cloud-obs-bucket-create
 Date: Thu May 28 18:29:42 2026 +0800
 5 files changed, 504 insertions(+)
 delete mode 100644 skills/.gitkeep
 create mode 100644 skills/storage/obs/huawei-cloud-obs-bucket-create/SKILL.md
 create mode 100644 skills/storage/obs/huawei-cloud-obs-bucket-create/references/cli-installation-guide.md
 create mode 100644 skills/storage/obs/huawei-cloud-obs-bucket-create/references/trouble-shooting.md
 create mode 100644 skills/storage/obs/huawei-cloud-obs-bucket-create/scripts/batch_create_buckets.sh
[2026-05-28 19:05:10] [INFO] 推送到 GitHub: master
Warning: Permanently added 'github.com' (ED25519) to the list of known hosts.
To github-hwd:huaweicloud/huaweicloud-skills.git
   4bc5ea5..e58bf16  master -> master
[2026-05-28 19:05:14] [INFO] ========== 同步完成 ==========
[2026-05-28 19:05:14] [INFO] 本次同步 1 个 commit
[2026-05-28 19:05:14] [INFO] 累计同步 3 次，共 6 个 commit
[2026-05-28 19:05:14] [INFO] 源分支 HEAD: 9df2802c99d62f38a6b27086c60095178107baf1
[2026-05-28 19:05:14] [INFO] 持久化状态到仓库: git@github.com:zrr000212-netizen/sync-repository.git
[main d248a55] sync-state: bf5cc81e0a25 — synced at 2026-05-28 19:05:14
 3 files changed, 56 insertions(+), 7 deletions(-)
Warning: Permanently added 'github.com' (ED25519) to the list of known hosts.
To github.com:zrr000212-netizen/sync-repository.git
   b20667a..d248a55  HEAD -> main
[2026-05-28 19:05:19] [INFO] 状态已推送到仓库
[2026-05-28 19:05:19] [INFO] 脚本结束
[2026-05-28 20:05:05] [INFO] ========== 开始增量同步 ==========
[2026-05-28 20:05:05] [INFO] GitCode: git@gitcode.com:developer-skill/huaweicloud-skills.git (github)
[2026-05-28 20:05:05] [INFO] GitHub:  git@github-hwd:huaweicloud/huaweicloud-skills.git (master)
[2026-05-28 20:05:05] [INFO] 作者:    huaweiclouddev <huaweiclouddev@huawei.com>
[2026-05-28 20:05:05] [INFO] 复用已有工作仓库: /tmp/gitcode-sync-work/bf5cc81e0a25/repo
[2026-05-28 20:05:05] [INFO] 拉取 GitCode 源分支: github
Warning: Permanently added 'gitcode.com' (RSA) to the list of known hosts.
From gitcode.com:developer-skill/huaweicloud-skills
 * branch            github     -> FETCH_HEAD
[2026-05-28 20:05:06] [INFO] 拉取 GitHub 目标分支: master
Warning: Permanently added 'github.com' (ED25519) to the list of known hosts.
From github-hwd:huaweicloud/huaweicloud-skills
 * branch            master     -> FETCH_HEAD
[2026-05-28 20:05:10] [INFO] 源分支 HEAD: 9df2802c99d62f38a6b27086c60095178107baf1
[2026-05-28 20:05:10] [INFO] 切换到目标分支: master
Reset branch 'master'
Branch 'master' set up to track remote branch 'master' from 'github'.
Your branch is up to date with 'github/master'.
[2026-05-28 20:05:10] [INFO] 上次同步到: 9df2802c99d62f38a6b27086c60095178107baf1
[2026-05-28 20:05:10] [INFO] 没有新 commit，已是最新
[2026-05-28 20:05:10] [INFO] 持久化状态到仓库: git@github.com:zrr000212-netizen/sync-repository.git
[main 8a8001a] sync-state: bf5cc81e0a25 — up_to_date at 2026-05-28 20:05:10
 2 files changed, 29 insertions(+), 1 deletion(-)
Warning: Permanently added 'github.com' (ED25519) to the list of known hosts.
To github.com:zrr000212-netizen/sync-repository.git
   d248a55..8a8001a  HEAD -> main
[2026-05-28 20:05:14] [INFO] 状态已推送到仓库
[2026-05-28 20:05:14] [INFO] 脚本结束
[2026-05-28 21:05:05] [INFO] ========== 开始增量同步 ==========
[2026-05-28 21:05:05] [INFO] GitCode: git@gitcode.com:developer-skill/huaweicloud-skills.git (github)
[2026-05-28 21:05:05] [INFO] GitHub:  git@github-hwd:huaweicloud/huaweicloud-skills.git (master)
[2026-05-28 21:05:05] [INFO] 作者:    huaweiclouddev <huaweiclouddev@huawei.com>
[2026-05-28 21:05:05] [INFO] 复用已有工作仓库: /tmp/gitcode-sync-work/bf5cc81e0a25/repo
[2026-05-28 21:05:05] [INFO] 拉取 GitCode 源分支: github
Warning: Permanently added 'gitcode.com' (RSA) to the list of known hosts.
From gitcode.com:developer-skill/huaweicloud-skills
 * branch            github     -> FETCH_HEAD
[2026-05-28 21:05:06] [INFO] 拉取 GitHub 目标分支: master
Warning: Permanently added 'github.com' (ED25519) to the list of known hosts.
From github-hwd:huaweicloud/huaweicloud-skills
 * branch            master     -> FETCH_HEAD
[2026-05-28 21:05:10] [INFO] 源分支 HEAD: 9df2802c99d62f38a6b27086c60095178107baf1
[2026-05-28 21:05:10] [INFO] 切换到目标分支: master
Reset branch 'master'
Branch 'master' set up to track remote branch 'master' from 'github'.
Your branch is up to date with 'github/master'.
[2026-05-28 21:05:10] [INFO] 上次同步到: 9df2802c99d62f38a6b27086c60095178107baf1
[2026-05-28 21:05:10] [INFO] 没有新 commit，已是最新
[2026-05-28 21:05:10] [INFO] 持久化状态到仓库: git@github.com:zrr000212-netizen/sync-repository.git
[main a421e39] sync-state: bf5cc81e0a25 — up_to_date at 2026-05-28 21:05:10
 1 file changed, 28 insertions(+)
Warning: Permanently added 'github.com' (ED25519) to the list of known hosts.
To github.com:zrr000212-netizen/sync-repository.git
   8a8001a..a421e39  HEAD -> main
[2026-05-28 21:05:15] [INFO] 状态已推送到仓库
[2026-05-28 21:05:15] [INFO] 脚本结束
[2026-05-28 22:05:04] [INFO] ========== 开始增量同步 ==========
[2026-05-28 22:05:04] [INFO] GitCode: git@gitcode.com:developer-skill/huaweicloud-skills.git (github)
[2026-05-28 22:05:04] [INFO] GitHub:  git@github-hwd:huaweicloud/huaweicloud-skills.git (master)
[2026-05-28 22:05:04] [INFO] 作者:    huaweiclouddev <huaweiclouddev@huawei.com>
[2026-05-28 22:05:04] [INFO] 复用已有工作仓库: /tmp/gitcode-sync-work/bf5cc81e0a25/repo
[2026-05-28 22:05:04] [INFO] 拉取 GitCode 源分支: github
Warning: Permanently added 'gitcode.com' (RSA) to the list of known hosts.
From gitcode.com:developer-skill/huaweicloud-skills
 * branch            github     -> FETCH_HEAD
[2026-05-28 22:05:05] [INFO] 拉取 GitHub 目标分支: master
Warning: Permanently added 'github.com' (ED25519) to the list of known hosts.
From github-hwd:huaweicloud/huaweicloud-skills
 * branch            master     -> FETCH_HEAD
[2026-05-28 22:05:09] [INFO] 源分支 HEAD: 9df2802c99d62f38a6b27086c60095178107baf1
[2026-05-28 22:05:09] [INFO] 切换到目标分支: master
Reset branch 'master'
Branch 'master' set up to track remote branch 'master' from 'github'.
Your branch is up to date with 'github/master'.
[2026-05-28 22:05:09] [INFO] 上次同步到: 9df2802c99d62f38a6b27086c60095178107baf1
[2026-05-28 22:05:09] [INFO] 没有新 commit，已是最新
[2026-05-28 22:05:09] [INFO] 持久化状态到仓库: git@github.com:zrr000212-netizen/sync-repository.git
[main d5790b2] sync-state: bf5cc81e0a25 — up_to_date at 2026-05-28 22:05:09
 1 file changed, 28 insertions(+)
Warning: Permanently added 'github.com' (ED25519) to the list of known hosts.
To github.com:zrr000212-netizen/sync-repository.git
   a421e39..d5790b2  HEAD -> main
[2026-05-28 22:05:13] [INFO] 状态已推送到仓库
[2026-05-28 22:05:13] [INFO] 脚本结束
[2026-05-28 23:05:05] [INFO] ========== 开始增量同步 ==========
[2026-05-28 23:05:05] [INFO] GitCode: git@gitcode.com:developer-skill/huaweicloud-skills.git (github)
[2026-05-28 23:05:05] [INFO] GitHub:  git@github-hwd:huaweicloud/huaweicloud-skills.git (master)
[2026-05-28 23:05:05] [INFO] 作者:    huaweiclouddev <huaweiclouddev@huawei.com>
[2026-05-28 23:05:05] [INFO] 复用已有工作仓库: /tmp/gitcode-sync-work/bf5cc81e0a25/repo
[2026-05-28 23:05:05] [INFO] 拉取 GitCode 源分支: github
Warning: Permanently added 'gitcode.com' (RSA) to the list of known hosts.
From gitcode.com:developer-skill/huaweicloud-skills
 * branch            github     -> FETCH_HEAD
[2026-05-28 23:05:06] [INFO] 拉取 GitHub 目标分支: master
Warning: Permanently added 'github.com' (ED25519) to the list of known hosts.
From github-hwd:huaweicloud/huaweicloud-skills
 * branch            master     -> FETCH_HEAD
[2026-05-28 23:05:10] [INFO] 源分支 HEAD: 9df2802c99d62f38a6b27086c60095178107baf1
[2026-05-28 23:05:10] [INFO] 切换到目标分支: master
Reset branch 'master'
Branch 'master' set up to track remote branch 'master' from 'github'.
Your branch is up to date with 'github/master'.
[2026-05-28 23:05:10] [INFO] 上次同步到: 9df2802c99d62f38a6b27086c60095178107baf1
[2026-05-28 23:05:10] [INFO] 没有新 commit，已是最新
[2026-05-28 23:05:10] [INFO] 持久化状态到仓库: git@github.com:zrr000212-netizen/sync-repository.git
[main 2bf75ae] sync-state: bf5cc81e0a25 — up_to_date at 2026-05-28 23:05:10
 1 file changed, 28 insertions(+)
Warning: Permanently added 'github.com' (ED25519) to the list of known hosts.
To github.com:zrr000212-netizen/sync-repository.git
   d5790b2..2bf75ae  HEAD -> main
[2026-05-28 23:05:14] [INFO] 状态已推送到仓库
[2026-05-28 23:05:14] [INFO] 脚本结束
[2026-05-29 00:05:05] [INFO] ========== 开始增量同步 ==========
[2026-05-29 00:05:05] [INFO] GitCode: git@gitcode.com:developer-skill/huaweicloud-skills.git (github)
[2026-05-29 00:05:05] [INFO] GitHub:  git@github-hwd:huaweicloud/huaweicloud-skills.git (master)
[2026-05-29 00:05:05] [INFO] 作者:    huaweiclouddev <huaweiclouddev@huawei.com>
[2026-05-29 00:05:05] [INFO] 复用已有工作仓库: /tmp/gitcode-sync-work/bf5cc81e0a25/repo
[2026-05-29 00:05:05] [INFO] 拉取 GitCode 源分支: github
Warning: Permanently added 'gitcode.com' (RSA) to the list of known hosts.
From gitcode.com:developer-skill/huaweicloud-skills
 * branch            github     -> FETCH_HEAD
[2026-05-29 00:05:06] [INFO] 拉取 GitHub 目标分支: master
Warning: Permanently added 'github.com' (ED25519) to the list of known hosts.
From github-hwd:huaweicloud/huaweicloud-skills
 * branch            master     -> FETCH_HEAD
[2026-05-29 00:05:10] [INFO] 源分支 HEAD: 9df2802c99d62f38a6b27086c60095178107baf1
[2026-05-29 00:05:10] [INFO] 切换到目标分支: master
Reset branch 'master'
Branch 'master' set up to track remote branch 'master' from 'github'.
Your branch is up to date with 'github/master'.
[2026-05-29 00:05:10] [INFO] 上次同步到: 9df2802c99d62f38a6b27086c60095178107baf1
[2026-05-29 00:05:10] [INFO] 没有新 commit，已是最新
[2026-05-29 00:05:10] [INFO] 持久化状态到仓库: git@github.com:zrr000212-netizen/sync-repository.git
[main 7de66eb] sync-state: bf5cc81e0a25 — up_to_date at 2026-05-29 00:05:10
 1 file changed, 28 insertions(+)
Warning: Permanently added 'github.com' (ED25519) to the list of known hosts.
To github.com:zrr000212-netizen/sync-repository.git
   2bf75ae..7de66eb  HEAD -> main
[2026-05-29 00:05:14] [INFO] 状态已推送到仓库
[2026-05-29 00:05:14] [INFO] 脚本结束
[2026-05-29 01:05:05] [INFO] ========== 开始增量同步 ==========
[2026-05-29 01:05:05] [INFO] GitCode: git@gitcode.com:developer-skill/huaweicloud-skills.git (github)
[2026-05-29 01:05:05] [INFO] GitHub:  git@github-hwd:huaweicloud/huaweicloud-skills.git (master)
[2026-05-29 01:05:05] [INFO] 作者:    huaweiclouddev <huaweiclouddev@huawei.com>
[2026-05-29 01:05:05] [INFO] 复用已有工作仓库: /tmp/gitcode-sync-work/bf5cc81e0a25/repo
[2026-05-29 01:05:05] [INFO] 拉取 GitCode 源分支: github
Warning: Permanently added 'gitcode.com' (RSA) to the list of known hosts.
From gitcode.com:developer-skill/huaweicloud-skills
 * branch            github     -> FETCH_HEAD
[2026-05-29 01:05:06] [INFO] 拉取 GitHub 目标分支: master
Warning: Permanently added 'github.com' (ED25519) to the list of known hosts.
From github-hwd:huaweicloud/huaweicloud-skills
 * branch            master     -> FETCH_HEAD
[2026-05-29 01:05:10] [INFO] 源分支 HEAD: 9df2802c99d62f38a6b27086c60095178107baf1
[2026-05-29 01:05:10] [INFO] 切换到目标分支: master
Reset branch 'master'
Branch 'master' set up to track remote branch 'master' from 'github'.
Your branch is up to date with 'github/master'.
[2026-05-29 01:05:10] [INFO] 上次同步到: 9df2802c99d62f38a6b27086c60095178107baf1
[2026-05-29 01:05:10] [INFO] 没有新 commit，已是最新
[2026-05-29 01:05:10] [INFO] 持久化状态到仓库: git@github.com:zrr000212-netizen/sync-repository.git
[main a7e441a] sync-state: bf5cc81e0a25 — up_to_date at 2026-05-29 01:05:10
 1 file changed, 28 insertions(+)
Warning: Permanently added 'github.com' (ED25519) to the list of known hosts.
To github.com:zrr000212-netizen/sync-repository.git
   7de66eb..a7e441a  HEAD -> main
[2026-05-29 01:05:14] [INFO] 状态已推送到仓库
[2026-05-29 01:05:14] [INFO] 脚本结束
[2026-05-29 02:05:04] [INFO] ========== 开始增量同步 ==========
[2026-05-29 02:05:04] [INFO] GitCode: git@gitcode.com:developer-skill/huaweicloud-skills.git (github)
[2026-05-29 02:05:04] [INFO] GitHub:  git@github-hwd:huaweicloud/huaweicloud-skills.git (master)
[2026-05-29 02:05:04] [INFO] 作者:    huaweiclouddev <huaweiclouddev@huawei.com>
[2026-05-29 02:05:04] [INFO] 复用已有工作仓库: /tmp/gitcode-sync-work/bf5cc81e0a25/repo
[2026-05-29 02:05:04] [INFO] 拉取 GitCode 源分支: github
Warning: Permanently added 'gitcode.com' (RSA) to the list of known hosts.
From gitcode.com:developer-skill/huaweicloud-skills
 * branch            github     -> FETCH_HEAD
[2026-05-29 02:05:05] [INFO] 拉取 GitHub 目标分支: master
Warning: Permanently added 'github.com' (ED25519) to the list of known hosts.
From github-hwd:huaweicloud/huaweicloud-skills
 * branch            master     -> FETCH_HEAD
[2026-05-29 02:05:09] [INFO] 源分支 HEAD: 9df2802c99d62f38a6b27086c60095178107baf1
[2026-05-29 02:05:09] [INFO] 切换到目标分支: master
Reset branch 'master'
Branch 'master' set up to track remote branch 'master' from 'github'.
Your branch is up to date with 'github/master'.
[2026-05-29 02:05:09] [INFO] 上次同步到: 9df2802c99d62f38a6b27086c60095178107baf1
[2026-05-29 02:05:09] [INFO] 没有新 commit，已是最新
[2026-05-29 02:05:09] [INFO] 持久化状态到仓库: git@github.com:zrr000212-netizen/sync-repository.git
[main e0aee4e] sync-state: bf5cc81e0a25 — up_to_date at 2026-05-29 02:05:09
 1 file changed, 28 insertions(+)
Warning: Permanently added 'github.com' (ED25519) to the list of known hosts.
To github.com:zrr000212-netizen/sync-repository.git
   a7e441a..e0aee4e  HEAD -> main
[2026-05-29 02:05:14] [INFO] 状态已推送到仓库
[2026-05-29 02:05:14] [INFO] 脚本结束
[2026-05-29 03:05:05] [INFO] ========== 开始增量同步 ==========
[2026-05-29 03:05:05] [INFO] GitCode: git@gitcode.com:developer-skill/huaweicloud-skills.git (github)
[2026-05-29 03:05:05] [INFO] GitHub:  git@github-hwd:huaweicloud/huaweicloud-skills.git (master)
[2026-05-29 03:05:05] [INFO] 作者:    huaweiclouddev <huaweiclouddev@huawei.com>
[2026-05-29 03:05:05] [INFO] 复用已有工作仓库: /tmp/gitcode-sync-work/bf5cc81e0a25/repo
[2026-05-29 03:05:05] [INFO] 拉取 GitCode 源分支: github
Warning: Permanently added 'gitcode.com' (RSA) to the list of known hosts.
From gitcode.com:developer-skill/huaweicloud-skills
 * branch            github     -> FETCH_HEAD
[2026-05-29 03:05:06] [INFO] 拉取 GitHub 目标分支: master
Warning: Permanently added 'github.com' (ED25519) to the list of known hosts.
From github-hwd:huaweicloud/huaweicloud-skills
 * branch            master     -> FETCH_HEAD
[2026-05-29 03:05:10] [INFO] 源分支 HEAD: 9df2802c99d62f38a6b27086c60095178107baf1
[2026-05-29 03:05:10] [INFO] 切换到目标分支: master
Reset branch 'master'
Branch 'master' set up to track remote branch 'master' from 'github'.
Your branch is up to date with 'github/master'.
[2026-05-29 03:05:10] [INFO] 上次同步到: 9df2802c99d62f38a6b27086c60095178107baf1
[2026-05-29 03:05:10] [INFO] 没有新 commit，已是最新
[2026-05-29 03:05:10] [INFO] 持久化状态到仓库: git@github.com:zrr000212-netizen/sync-repository.git
[main e520301] sync-state: bf5cc81e0a25 — up_to_date at 2026-05-29 03:05:10
 1 file changed, 28 insertions(+)
Warning: Permanently added 'github.com' (ED25519) to the list of known hosts.
To github.com:zrr000212-netizen/sync-repository.git
   e0aee4e..e520301  HEAD -> main
[2026-05-29 03:05:14] [INFO] 状态已推送到仓库
[2026-05-29 03:05:14] [INFO] 脚本结束
[2026-05-29 04:05:05] [INFO] ========== 开始增量同步 ==========
[2026-05-29 04:05:05] [INFO] GitCode: git@gitcode.com:developer-skill/huaweicloud-skills.git (github)
[2026-05-29 04:05:05] [INFO] GitHub:  git@github-hwd:huaweicloud/huaweicloud-skills.git (master)
[2026-05-29 04:05:05] [INFO] 作者:    huaweiclouddev <huaweiclouddev@huawei.com>
[2026-05-29 04:05:05] [INFO] 复用已有工作仓库: /tmp/gitcode-sync-work/bf5cc81e0a25/repo
[2026-05-29 04:05:05] [INFO] 拉取 GitCode 源分支: github
Warning: Permanently added 'gitcode.com' (RSA) to the list of known hosts.
From gitcode.com:developer-skill/huaweicloud-skills
 * branch            github     -> FETCH_HEAD
[2026-05-29 04:05:06] [INFO] 拉取 GitHub 目标分支: master
Warning: Permanently added 'github.com' (ED25519) to the list of known hosts.
From github-hwd:huaweicloud/huaweicloud-skills
 * branch            master     -> FETCH_HEAD
[2026-05-29 04:05:10] [INFO] 源分支 HEAD: 9df2802c99d62f38a6b27086c60095178107baf1
[2026-05-29 04:05:10] [INFO] 切换到目标分支: master
Reset branch 'master'
Branch 'master' set up to track remote branch 'master' from 'github'.
Your branch is up to date with 'github/master'.
[2026-05-29 04:05:10] [INFO] 上次同步到: 9df2802c99d62f38a6b27086c60095178107baf1
[2026-05-29 04:05:10] [INFO] 没有新 commit，已是最新
[2026-05-29 04:05:10] [INFO] 持久化状态到仓库: git@github.com:zrr000212-netizen/sync-repository.git
