╔══════════════════════════════════════════╗
║       GitCode → GitHub 同步日报           ║
╚══════════════════════════════════════════╝
📅 日期: 2026-06-26 09:00:01
📊 活跃任务: 1 个

┌─ 任务 1 ─────────────────────────────
│ developer-skill/huaweicloud-skills (github)
│   → huaweicloud/huaweicloud-skills [github-hwd] (master)
│
│ 状态: ✅ 正常
│ 最后同步: 2026-06-25 20:05:14 (0天前)
│ 累计commit: 100  |  同步次数: 51
│ HEAD: 0cec135c21ec ✓ 源与已同步一致
└──────────────────────────────────────────

━━━━━━━━━━━━━━━━━━━━━━━━━━━━━━━━━━━━━━━━━━━━
📌 总结: ✅ 所有同步任务正常，无风险
[OK] 邮件已发送
╔══════════════════════════════════════════╗
║       GitCode → GitHub 同步日报           ║
╚══════════════════════════════════════════╝
📅 日期: 2026-06-27 09:00:01
📊 活跃任务: 1 个

┌─ 任务 1 ─────────────────────────────
│ developer-skill/huaweicloud-skills (github)
│   → huaweicloud/huaweicloud-skills [github-hwd] (master)
│
│ 状态: ✅ 正常
│ 最后同步: 2026-06-26 21:05:15 (0天前)
│ 累计commit: 104  |  同步次数: 54
│ HEAD: bf17a97712da ✓ 源与已同步一致
└──────────────────────────────────────────

━━━━━━━━━━━━━━━━━━━━━━━━━━━━━━━━━━━━━━━━━━━━
📌 总结: ✅ 所有同步任务正常，无风险
[OK] 邮件已发送
