[2026-05-25 18:35:06] [INFO] 脚本启动
Warning: Permanently added 'github.com' (ED25519) to the list of known hosts.
重置分支 'main'
分支 'main' 设置为跟踪来自 'origin' 的远程分支 'main'。
您的分支与上游分支 'origin/main' 一致。
[2026-05-25 18:35:10] [INFO] 状态仓库中无此同步任务的历史状态
[2026-05-25 18:35:10] [INFO] ========== 开始增量同步 ==========
[2026-05-25 18:35:10] [INFO] GitCode: git@gitcode.com:developer-skill/huaweicloud-skills.git (master)
[2026-05-25 18:35:10] [INFO] GitHub:  git@gitcode.com:developer-skill/huaweicloud-skills.git (master)
[2026-05-25 18:35:10] [INFO] 作者:    zrr000212-netizen <zrr000212@gmail.com>
[2026-05-25 18:35:10] [INFO] 初始化工作仓库
[2026-05-25 18:35:10] [INFO] 拉取 GitCode 源分支: master
Warning: Permanently added 'gitcode.com' (RSA) to the list of known hosts.
来自 gitcode.com:developer-skill/huaweicloud-skills
 * branch            master     -> FETCH_HEAD
 * [新分支]          master     -> gitcode/master
[2026-05-25 18:35:11] [INFO] 拉取 GitHub 目标分支: master
Warning: Permanently added 'gitcode.com' (RSA) to the list of known hosts.
来自 gitcode.com:developer-skill/huaweicloud-skills
 * branch            master     -> FETCH_HEAD
[2026-05-25 18:35:12] [INFO] 源分支 HEAD: ac108249809268cd9778f7530fc2ae84cc69beea
[2026-05-25 18:35:12] [INFO] 切换到目标分支: master
重置分支 'master'
分支 'master' 设置为跟踪来自 'github' 的远程分支 'master'。
您的分支与上游分支 'github/master' 一致。
[2026-05-25 18:35:12] [INFO] 首次同步，从根 commit 开始: 909f0caef312136ee40b12f4587828aa7d63e4a4
[2026-05-25 18:35:12] [INFO] 待同步 commit 数: 13
[2026-05-25 18:35:12] [INFO] [1/13] cherry-pick: 909f0cae Initial commit
冲突（add/add）：合并冲突于 README.md
自动合并 README.md
error: 不能应用 909f0ca... Initial commit
提示：冲突解决完毕后，用 'git add <路径>' 或 'git rm <路径>'
提示：命令标记修正后的文件
[2026-05-25 18:35:12] [ERROR] 冲突! commit 909f0caef312136ee40b12f4587828aa7d63e4a4 cherry-pick 失败
[2026-05-25 18:35:12] [ERROR] 请手动解决冲突后执行:
[2026-05-25 18:35:12] [ERROR]   cd /tmp/gitcode-sync-work/2abf351016ed/repo
[2026-05-25 18:35:12] [ERROR]   git add -A
[2026-05-25 18:35:12] [ERROR]   git commit --allow-empty
[2026-05-25 18:35:12] [ERROR]   然后重新运行本脚本即可从断点继续
[2026-05-25 18:35:12] [INFO] 持久化状态到仓库: git@github.com:zrr000212-netizen/sync-repository.git
