[2026-05-25 20:40:16] [INFO] ========== 开始增量同步 ==========
[2026-05-25 20:40:16] [INFO] GitCode: git@gitcode.com:developer-skill/huaweicloud-skills.git (master)
[2026-05-25 20:40:16] [INFO] GitHub:  git@github.com:zrr000212-netizen/huaweicloud-skills.git (master)
[2026-05-25 20:40:16] [INFO] 作者:    zrr000212-netizen <zrr000212@gmail.com>
[2026-05-25 20:40:16] [INFO] 复用已有工作仓库: /tmp/gitcode-sync-work/c3a0576c2780/repo
[2026-05-25 20:40:16] [INFO] 拉取 GitCode 源分支: master
Warning: Permanently added 'gitcode.com' (RSA) to the list of known hosts.
来自 gitcode.com:developer-skill/huaweicloud-skills
 * branch            master     -> FETCH_HEAD
[2026-05-25 20:40:16] [INFO] 拉取 GitHub 目标分支: master
Warning: Permanently added 'github.com' (ED25519) to the list of known hosts.
fatal: 无法找到远程引用 master
[2026-05-25 20:40:20] [INFO] 源分支 HEAD: ac108249809268cd9778f7530fc2ae84cc69beea
[2026-05-25 20:40:20] [INFO] 切换到目标分支: master
重置分支 'master'
分支 'master' 设置为跟踪来自 'github' 的远程分支 'master'。
[2026-05-25 20:40:20] [INFO] 首次同步，从根 commit 开始: 909f0caef312136ee40b12f4587828aa7d63e4a4
[2026-05-25 20:40:20] [INFO] 待同步 commit 数: 13
[2026-05-25 20:40:20] [INFO] [1/13] cherry-pick: 909f0cae Initial commit
冲突（add/add）：合并冲突于 README.md
自动合并 README.md
error: 不能应用 909f0ca... Initial commit
提示：冲突解决完毕后，用 'git add <路径>' 或 'git rm <路径>'
提示：命令标记修正后的文件
[2026-05-25 20:40:20] [ERROR] 冲突! commit 909f0caef312136ee40b12f4587828aa7d63e4a4 cherry-pick 失败
[2026-05-25 20:40:20] [ERROR] 请手动解决冲突后执行:
[2026-05-25 20:40:20] [ERROR]   cd /tmp/gitcode-sync-work/c3a0576c2780/repo
[2026-05-25 20:40:20] [ERROR]   git add -A
[2026-05-25 20:40:20] [ERROR]   git commit --allow-empty
[2026-05-25 20:40:20] [ERROR]   然后重新运行本脚本即可从断点继续
[2026-05-25 20:40:20] [INFO] 持久化状态到仓库: git@github.com:zrr000212-netizen/sync-repository.git
[main 2722da8] sync-state: c3a0576c2780 — conflict at 2026-05-25 20:40:20
 3 files changed, 46 insertions(+)
 create mode 100644 states/c3a0576c2780/mapping.log
 create mode 100644 states/c3a0576c2780/state.json
 create mode 100644 states/c3a0576c2780/sync.log
Warning: Permanently added 'github.com' (ED25519) to the list of known hosts.
To github.com:zrr000212-netizen/sync-repository.git
   054a2a2..2722da8  HEAD -> main
[2026-05-25 20:40:25] [INFO] 状态已推送到仓库
[2026-05-25 20:43:19] [INFO] ========== 开始增量同步 ==========
[2026-05-25 20:43:19] [INFO] GitCode: git@gitcode.com:developer-skill/huaweicloud-skills.git (master)
[2026-05-25 20:43:19] [INFO] GitHub:  git@github.com:zrr000212-netizen/huaweicloud-skills.git (master)
[2026-05-25 20:43:19] [INFO] 作者:    zrr000212-netizen <zrr000212@gmail.com>
[2026-05-25 20:43:19] [INFO] 复用已有工作仓库: /tmp/gitcode-sync-work/c3a0576c2780/repo
[2026-05-25 20:43:19] [INFO] 拉取 GitCode 源分支: master
Warning: Permanently added 'gitcode.com' (RSA) to the list of known hosts.
来自 gitcode.com:developer-skill/huaweicloud-skills
 * branch            master     -> FETCH_HEAD
[2026-05-25 20:43:20] [INFO] 拉取 GitHub 目标分支: master
Warning: Permanently added 'github.com' (ED25519) to the list of known hosts.
fatal: 无法找到远程引用 master
[2026-05-25 20:43:24] [INFO] 源分支 HEAD: ac108249809268cd9778f7530fc2ae84cc69beea
[2026-05-25 20:43:24] [INFO] 切换到目标分支: master
重置分支 'master'
分支 'master' 设置为跟踪来自 'github' 的远程分支 'master'。
您的分支与上游分支 'github/master' 一致。
[2026-05-25 20:43:24] [INFO] 上次同步到: 909f0caef312136ee40b12f4587828aa7d63e4a4
[2026-05-25 20:43:24] [INFO] 增量同步: 909f0caef312136ee40b12f4587828aa7d63e4a4 之后的新 commit
[2026-05-25 20:43:24] [INFO] 待同步 commit 数: 13
[2026-05-25 20:43:24] [INFO] [1/13] cherry-pick: 909f0cae Initial commit
冲突（add/add）：合并冲突于 README.md
自动合并 README.md
error: 不能应用 909f0ca... Initial commit
提示：冲突解决完毕后，用 'git add <路径>' 或 'git rm <路径>'
提示：命令标记修正后的文件
[2026-05-25 20:43:24] [ERROR] 冲突! commit 909f0caef312136ee40b12f4587828aa7d63e4a4 cherry-pick 失败
[2026-05-25 20:43:24] [ERROR] 请手动解决冲突后执行:
[2026-05-25 20:43:24] [ERROR]   cd /tmp/gitcode-sync-work/c3a0576c2780/repo
[2026-05-25 20:43:24] [ERROR]   git add -A
[2026-05-25 20:43:24] [ERROR]   git commit --allow-empty
[2026-05-25 20:43:24] [ERROR]   然后重新运行本脚本即可从断点继续
[2026-05-25 20:43:24] [INFO] 持久化状态到仓库: git@github.com:zrr000212-netizen/sync-repository.git
[main bd72954] sync-state: c3a0576c2780 — conflict at 2026-05-25 20:43:24
 1 file changed, 42 insertions(+)
Warning: Permanently added 'github.com' (ED25519) to the list of known hosts.
To github.com:zrr000212-netizen/sync-repository.git
   2722da8..bd72954  HEAD -> main
[2026-05-25 20:43:28] [INFO] 状态已推送到仓库
